Archive member included to satisfy reference by file (symbol)

/usr/lib/gcc/arm-none-eabi/14.2.0/../../../../arm-none-eabi/lib/thumb/v7e-m/nofp/libc.a(libc_a-atexit.o)
                              /usr/lib/gcc/arm-none-eabi/14.2.0/../../../../arm-none-eabi/lib/thumb/v7e-m/nofp/crt0.o (atexit)
/usr/lib/gcc/arm-none-eabi/14.2.0/../../../../arm-none-eabi/lib/thumb/v7e-m/nofp/libc.a(libc_a-exit.o)
                              /usr/lib/gcc/arm-none-eabi/14.2.0/../../../../arm-none-eabi/lib/thumb/v7e-m/nofp/crt0.o (exit)
/usr/lib/gcc/arm-none-eabi/14.2.0/../../../../arm-none-eabi/lib/thumb/v7e-m/nofp/libc.a(libc_a-findfp.o)
                              /usr/lib/gcc/arm-none-eabi/14.2.0/../../../../arm-none-eabi/lib/thumb/v7e-m/nofp/libc.a(libc_a-exit.o) (__stdio_exit_handler)
/usr/lib/gcc/arm-none-eabi/14.2.0/../../../../arm-none-eabi/lib/thumb/v7e-m/nofp/libc.a(libc_a-fwalk.o)
                              /usr/lib/gcc/arm-none-eabi/14.2.0/../../../../arm-none-eabi/lib/thumb/v7e-m/nofp/libc.a(libc_a-findfp.o) (_fwalk_sglue)
/usr/lib/gcc/arm-none-eabi/14.2.0/../../../../arm-none-eabi/lib/thumb/v7e-m/nofp/libc.a(libc_a-stdio.o)
                              /usr/lib/gcc/arm-none-eabi/14.2.0/../../../../arm-none-eabi/lib/thumb/v7e-m/nofp/libc.a(libc_a-findfp.o) (__sread)
/usr/lib/gcc/arm-none-eabi/14.2.0/../../../../arm-none-eabi/lib/thumb/v7e-m/nofp/libc.a(libc_a-memset.o)
                              /usr/lib/gcc/arm-none-eabi/14.2.0/../../../../arm-none-eabi/lib/thumb/v7e-m/nofp/crt0.o (memset)
/usr/lib/gcc/arm-none-eabi/14.2.0/../../../../arm-none-eabi/lib/thumb/v7e-m/nofp/libc.a(libc_a-closer.o)
                              /usr/lib/gcc/arm-none-eabi/14.2.0/../../../../arm-none-eabi/lib/thumb/v7e-m/nofp/libc.a(libc_a-stdio.o) (_close_r)
/usr/lib/gcc/arm-none-eabi/14.2.0/../../../../arm-none-eabi/lib/thumb/v7e-m/nofp/libc.a(libc_a-reent.o)
                              /usr/lib/gcc/arm-none-eabi/14.2.0/../../../../arm-none-eabi/lib/thumb/v7e-m/nofp/libc.a(libc_a-closer.o) (errno)
/usr/lib/gcc/arm-none-eabi/14.2.0/../../../../arm-none-eabi/lib/thumb/v7e-m/nofp/libc.a(libc_a-impure.o)
                              /usr/lib/gcc/arm-none-eabi/14.2.0/../../../../arm-none-eabi/lib/thumb/v7e-m/nofp/libc.a(libc_a-reent.o) (_impure_ptr)
/usr/lib/gcc/arm-none-eabi/14.2.0/../../../../arm-none-eabi/lib/thumb/v7e-m/nofp/libc.a(libc_a-lseekr.o)
                              /usr/lib/gcc/arm-none-eabi/14.2.0/../../../../arm-none-eabi/lib/thumb/v7e-m/nofp/libc.a(libc_a-stdio.o) (_lseek_r)
/usr/lib/gcc/arm-none-eabi/14.2.0/../../../../arm-none-eabi/lib/thumb/v7e-m/nofp/libc.a(libc_a-readr.o)
                              /usr/lib/gcc/arm-none-eabi/14.2.0/../../../../arm-none-eabi/lib/thumb/v7e-m/nofp/libc.a(libc_a-stdio.o) (_read_r)
/usr/lib/gcc/arm-none-eabi/14.2.0/../../../../arm-none-eabi/lib/thumb/v7e-m/nofp/libc.a(libc_a-writer.o)
                              /usr/lib/gcc/arm-none-eabi/14.2.0/../../../../arm-none-eabi/lib/thumb/v7e-m/nofp/libc.a(libc_a-stdio.o) (_write_r)
/usr/lib/gcc/arm-none-eabi/14.2.0/../../../../arm-none-eabi/lib/thumb/v7e-m/nofp/libc.a(libc_a-init.o)
                              /usr/lib/gcc/arm-none-eabi/14.2.0/../../../../arm-none-eabi/lib/thumb/v7e-m/nofp/crt0.o (__libc_init_array)
/usr/lib/gcc/arm-none-eabi/14.2.0/../../../../arm-none-eabi/lib/thumb/v7e-m/nofp/libc.a(libc_a-fini.o)
                              /usr/lib/gcc/arm-none-eabi/14.2.0/../../../../arm-none-eabi/lib/thumb/v7e-m/nofp/crt0.o (__libc_fini_array)
/usr/lib/gcc/arm-none-eabi/14.2.0/../../../../arm-none-eabi/lib/thumb/v7e-m/nofp/libc.a(libc_a-lock.o)
                              /usr/lib/gcc/arm-none-eabi/14.2.0/../../../../arm-none-eabi/lib/thumb/v7e-m/nofp/libc.a(libc_a-findfp.o) (__retarget_lock_init_recursive)
/usr/lib/gcc/arm-none-eabi/14.2.0/../../../../arm-none-eabi/lib/thumb/v7e-m/nofp/libc.a(libc_a-__atexit.o)
                              /usr/lib/gcc/arm-none-eabi/14.2.0/../../../../arm-none-eabi/lib/thumb/v7e-m/nofp/libc.a(libc_a-atexit.o) (__register_exitproc)
/usr/lib/gcc/arm-none-eabi/14.2.0/../../../../arm-none-eabi/lib/thumb/v7e-m/nofp/libc.a(libc_a-__call_atexit.o)
                              /usr/lib/gcc/arm-none-eabi/14.2.0/../../../../arm-none-eabi/lib/thumb/v7e-m/nofp/libc.a(libc_a-exit.o) (__call_exitprocs)
/usr/lib/gcc/arm-none-eabi/14.2.0/../../../../arm-none-eabi/lib/thumb/v7e-m/nofp/libc.a(libc_a-freer.o)
                              /usr/lib/gcc/arm-none-eabi/14.2.0/../../../../arm-none-eabi/lib/thumb/v7e-m/nofp/libc.a(libc_a-reent.o) (_free_r)
/usr/lib/gcc/arm-none-eabi/14.2.0/../../../../arm-none-eabi/lib/thumb/v7e-m/nofp/libc.a(libc_a-mallocr.o)
                              /usr/lib/gcc/arm-none-eabi/14.2.0/../../../../arm-none-eabi/lib/thumb/v7e-m/nofp/libc.a(libc_a-findfp.o) (_malloc_r)
/usr/lib/gcc/arm-none-eabi/14.2.0/../../../../arm-none-eabi/lib/thumb/v7e-m/nofp/libc.a(libc_a-mlock.o)
[...]
Memory Configuration

Name             Origin             Length             Attributes
RAM              0x20000000         0x00018000         xrw
SRAM1            0x20000000         0x00018000         xrw
SRAM2            0x10000000         0x00008000         xrw
ROM              0x08000000         0x00100000         xr
*default*        0x00000000         0xffffffff

Linker script and memory map

LOAD /usr/lib/gcc/arm-none-eabi/14.2.0/thumb/v7e-m/nofp/crti.o
LOAD /usr/lib/gcc/arm-none-eabi/14.2.0/thumb/v7e-m/nofp/crtbegin.o
LOAD /usr/lib/gcc/arm-none-eabi/14.2.0/../../../../arm-none-eabi/lib/thumb/v7e-m/nofp/crt0.o
START GROUP
LOAD /usr/lib/gcc/arm-none-eabi/14.2.0/../../../../arm-none-eabi/lib/thumb/v7e-m/nofp/libc.a
LOAD /usr/lib/gcc/arm-none-eabi/14.2.0/../../../../arm-none-eabi/lib/thumb/v7e-m/nofp/libm.a
END GROUP
LOAD CMakeFiles/RoomControl_Final.dir/startup_stm32l476rgtx.s.o
LOAD CMakeFiles/RoomControl_Final.dir/drivers/ringBuffer/ringBuffer.c.o
LOAD CMakeFiles/RoomControl_Final.dir/drivers/keyPad/keypad.c.o
LOAD CMakeFiles/RoomControl_Final.dir/drivers/SSD1306/ssd1306.c.o
LOAD CMakeFiles/RoomControl_Final.dir/drivers/SSD1306/font.c.o
LOAD CMakeFiles/RoomControl_Final.dir/src/systick.c.o
LOAD CMakeFiles/RoomControl_Final.dir/src/syscfg.c.o
LOAD CMakeFiles/RoomControl_Final.dir/src/flash.c.o
LOAD CMakeFiles/RoomControl_Final.dir/src/main.c.o
LOAD CMakeFiles/RoomControl_Final.dir/src/gpio.c.o
LOAD CMakeFiles/RoomControl_Final.dir/src/exti.c.o
LOAD CMakeFiles/RoomControl_Final.dir/src/nvic.c.o
LOAD CMakeFiles/RoomControl_Final.dir/src/uart.c.o
LOAD CMakeFiles/RoomControl_Final.dir/src/i2c.c.o
LOAD CMakeFiles/RoomControl_Final.dir/src/tim.c.o
LOAD CMakeFiles/RoomControl_Final.dir/src/rcc.c.o
LOAD CMakeFiles/RoomControl_Final.dir/User/syscalls.c.o
LOAD CMakeFiles/RoomControl_Final.dir/User/sysmem.c.o
START GROUP
LOAD /usr/lib/gcc/arm-none-eabi/14.2.0/thumb/v7e-m/nofp/libgcc.a
LOAD /usr/lib/gcc/arm-none-eabi/14.2.0/../../../../arm-none-eabi/lib/thumb/v7e-m/nofp/libc.a
END GROUP
START GROUP
LOAD /usr/lib/gcc/arm-none-eabi/14.2.0/thumb/v7e-m/nofp/libgcc.a
LOAD /usr/lib/gcc/arm-none-eabi/14.2.0/../../../../arm-none-eabi/lib/thumb/v7e-m/nofp/libc.a
LOAD /usr/lib/gcc/arm-none-eabi/14.2.0/../../../../arm-none-eabi/lib/thumb/v7e-m/nofp/libnosys.a
END GROUP
LOAD /usr/lib/gcc/arm-none-eabi/14.2.0/thumb/v7e-m/nofp/crtend.o
LOAD /usr/lib/gcc/arm-none-eabi/14.2.0/thumb/v7e-m/nofp/crtn.o
                0x20018000                        _estack = (ORIGIN (RAM) + LENGTH (RAM))
                0x00000200                        _Min_Heap_Size = 0x200
                0x00000400                        _Min_Stack_Size = 0x400

.isr_vector     0x08000000      0x184
                0x08000000                        . = ALIGN (0x4)
 *(.isr_vector)
 .isr_vector    0x08000000      0x184 CMakeFiles/RoomControl_Final.dir/startup_stm32l476rgtx.s.o
                0x08000000                g_pfnVectors
                0x08000184                        . = ALIGN (0x4)

.text           0x08000184     0x2a50
                0x08000184                        . = ALIGN (0x4)
 *(.text)
 .text          0x08000184        0x0 /usr/lib/gcc/arm-none-eabi/14.2.0/thumb/v7e-m/nofp/crti.o
 .text          0x08000184        0x0 /usr/lib/gcc/arm-none-eabi/14.2.0/thumb/v7e-m/nofp/crtbegin.o
 .text          0x08000184       0x70 /usr/lib/gcc/arm-none-eabi/14.2.0/../../../../arm-none-eabi/lib/thumb/v7e-m/nofp/crt0.o
                0x08000184                _stack_init
                0x0800018c                _mainCRTStartup
                0x0800018c                _start
 .text          0x080001f4        0x0 /usr/lib/gcc/arm-none-eabi/14.2.0/../../../../arm-none-eabi/lib/thumb/v7e-m/nofp/libc.a(libc_a-atexit.o)
 .text          0x080001f4        0x0 /usr/lib/gcc/arm-none-eabi/14.2.0/../../../../arm-none-eabi/lib/thumb/v7e-m/nofp/libc.a(libc_a-exit.o)
 .text          0x080001f4        0x0 /usr/lib/gcc/arm-none-eabi/14.2.0/../../../../arm-none-eabi/lib/thumb/v7e-m/nofp/libc.a(libc_a-findfp.o)
 .text          0x080001f4        0x0 /usr/lib/gcc/arm-none-eabi/14.2.0/../../../../arm-none-eabi/lib/thumb/v7e-m/nofp/libc.a(libc_a-fwalk.o)
 .text          0x080001f4        0x0 /usr/lib/gcc/arm-none-eabi/14.2.0/../../../../arm-none-eabi/lib/thumb/v7e-m/nofp/libc.a(libc_a-stdio.o)
 .text          0x080001f4        0x0 /usr/lib/gcc/arm-none-eabi/14.2.0/../../../../arm-none-eabi/lib/thumb/v7e-m/nofp/libc.a(libc_a-memset.o)
 .text          0x080001f4        0x0 /usr/lib/gcc/arm-none-eabi/14.2.0/../../../../arm-none-eabi/lib/thumb/v7e-m/nofp/libc.a(libc_a-closer.o)
 .text          0x080001f4        0x0 /usr/lib/gcc/arm-none-eabi/14.2.0/../../../../arm-none-eabi/lib/thumb/v7e-m/nofp/libc.a(libc_a-reent.o)
 .text          0x080001f4        0x0 /usr/lib/gcc/arm-none-eabi/14.2.0/../../../../arm-none-eabi/lib/thumb/v7e-m/nofp/libc.a(libc_a-impure.o)
 .text          0x080001f4        0x0 /usr/lib/gcc/arm-none-eabi/14.2.0/../../../../arm-none-eabi/lib/thumb/v7e-m/nofp/libc.a(libc_a-lseekr.o)
 .text          0x080001f4        0x0 /usr/lib/gcc/arm-none-eabi/14.2.0/../../../../arm-none-eabi/lib/thumb/v7e-m/nofp/libc.a(libc_a-readr.o)
 .text          0x080001f4        0x0 /usr/lib/gcc/arm-none-eabi/14.2.0/../../../../arm-none-eabi/lib/thumb/v7e-m/nofp/libc.a(libc_a-writer.o)
 .text          0x080001f4        0x0 /usr/lib/gcc/arm-none-eabi/14.2.0/../../../../arm-none-eabi/lib/thumb/v7e-m/nofp/libc.a(libc_a-init.o)
 .text          0x080001f4        0x0 /usr/lib/gcc/arm-none-eabi/14.2.0/../../../../arm-none-eabi/lib/thumb/v7e-m/nofp/libc.a(libc_a-fini.o)
 .text          0x080001f4        0x0 /usr/lib/gcc/arm-none-eabi/14.2.0/../../../../arm-none-eabi/lib/thumb/v7e-m/nofp/libc.a(libc_a-lock.o)
 .text          0x080001f4        0x0 /usr/lib/gcc/arm-none-eabi/14.2.0/../../../../arm-none-eabi/lib/thumb/v7e-m/nofp/libc.a(libc_a-__atexit.o)
 .text          0x080001f4        0x0 /usr/lib/gcc/arm-none-eabi/14.2.0/../../../../arm-none-eabi/lib/thumb/v7e-m/nofp/libc.a(libc_a-__call_atexit.o)
 .text          0x080001f4        0x0 /usr/lib/gcc/arm-none-eabi/14.2.0/../../../../arm-none-eabi/lib/thumb/v7e-m/nofp/libc.a(libc_a-freer.o)
 .text          0x080001f4        0x0 /usr/lib/gcc/arm-none-eabi/14.2.0/../../../../arm-none-eabi/lib/thumb/v7e-m/nofp/libc.a(libc_a-mallocr.o)
 .text          0x080001f4        0x0 /usr/lib/gcc/arm-none-eabi/14.2.0/../../../../arm-none-eabi/lib/thumb/v7e-m/nofp/libc.a(libc_a-mlock.o)
 .text          0x080001f4        0x0 /usr/lib/gcc/arm-none-eabi/14.2.0/../../../../arm-none-eabi/lib/thumb/v7e-m/nofp/libc.a(libc_a-fclose.o)
 .text          0x080001f4        0x0 /usr/lib/gcc/arm-none-eabi/14.2.0/../../../../arm-none-eabi/lib/thumb/v7e-m/nofp/libc.a(libc_a-fflush.o)
 .text          0x080001f4        0x0 /usr/lib/gcc/arm-none-eabi/14.2.0/../../../../arm-none-eabi/lib/thumb/v7e-m/nofp/libc.a(libc_a-sbrkr.o)
 .text          0x080001f4        0x0 /usr/lib/gcc/arm-none-eabi/14.2.0/../../../../arm-none-eabi/lib/thumb/v7e-m/nofp/libc.a(libc_a-sysconf.o)
 .text          0x080001f4        0x0 /usr/lib/gcc/arm-none-eabi/14.2.0/../../../../arm-none-eabi/lib/thumb/v7e-m/nofp/libc.a(libc_a-errno.o)
 .text          0x080001f4       0x14 CMakeFiles/RoomControl_Final.dir/startup_stm32l476rgtx.s.o
 .text          0x08000208        0x0 CMakeFiles/RoomControl_Final.dir/drivers/ringBuffer/ringBuffer.c.o
 .text          0x08000208        0x0 CMakeFiles/RoomControl_Final.dir/drivers/keyPad/keypad.c.o
 .text          0x08000208        0x0 CMakeFiles/RoomControl_Final.dir/drivers/SSD1306/ssd1306.c.o
 .text          0x08000208        0x0 CMakeFiles/RoomControl_Final.dir/drivers/SSD1306/font.c.o
 .text          0x08000208        0x0 CMakeFiles/RoomControl_Final.dir/src/systick.c.o
 .text          0x08000208        0x0 CMakeFiles/RoomControl_Final.dir/src/syscfg.c.o
 .text          0x08000208        0x0 CMakeFiles/RoomControl_Final.dir/src/flash.c.o
 .text          0x08000208        0x0 CMakeFiles/RoomControl_Final.dir/src/main.c.o
 .text          0x08000208        0x0 CMakeFiles/RoomControl_Final.dir/src/gpio.c.o
 .text          0x08000208        0x0 CMakeFiles/RoomControl_Final.dir/src/exti.c.o
 .text          0x08000208        0x0 CMakeFiles/RoomControl_Final.dir/src/nvic.c.o
 .text          0x08000208        0x0 CMakeFiles/RoomControl_Final.dir/src/uart.c.o
 .text          0x08000208        0x0 CMakeFiles/RoomControl_Final.dir/src/i2c.c.o
 .text          0x08000208        0x0 CMakeFiles/RoomControl_Final.dir/src/tim.c.o
 .text          0x08000208        0x0 CMakeFiles/RoomControl_Final.dir/src/rcc.c.o
 .text          0x08000208        0x0 CMakeFiles/RoomControl_Final.dir/User/syscalls.c.o
 .text          0x08000208        0x0 CMakeFiles/RoomControl_Final.dir/User/sysmem.c.o
 .text          0x08000208        0x0 /usr/lib/gcc/arm-none-eabi/14.2.0/thumb/v7e-m/nofp/crtend.o
 .text          0x08000208        0x0 /usr/lib/gcc/arm-none-eabi/14.2.0/thumb/v7e-m/nofp/crtn.o
 *(.text*)
 .text.__do_global_dtors_aux
                0x08000208       0x24 /usr/lib/gcc/arm-none-eabi/14.2.0/thumb/v7e-m/nofp/crtbegin.o
 .text.frame_dummy
                0x0800022c       0x1c /usr/lib/gcc/arm-none-eabi/14.2.0/thumb/v7e-m/nofp/crtbegin.o
 .text.atexit   0x08000248        0xc /usr/lib/gcc/arm-none-eabi/14.2.0/../../../../arm-none-eabi/lib/thumb/v7e-m/nofp/libc.a(libc_a-atexit.o)
                0x08000248                atexit
 .text.exit     0x08000254       0x1c /usr/lib/gcc/arm-none-eabi/14.2.0/../../../../arm-none-eabi/lib/thumb/v7e-m/nofp/libc.a(libc_a-exit.o)
                0x08000254                exit
 .text.stdio_exit_handler
                0x08000270       0x18 /usr/lib/gcc/arm-none-eabi/14.2.0/../../../../arm-none-eabi/lib/thumb/v7e-m/nofp/libc.a(libc_a-findfp.o)
 .text.cleanup_stdio
                0x08000288       0x40 /usr/lib/gcc/arm-none-eabi/14.2.0/../../../../arm-none-eabi/lib/thumb/v7e-m/nofp/libc.a(libc_a-findfp.o)
 .text.__fp_lock
                0x080002c8       0x1c /usr/lib/gcc/arm-none-eabi/14.2.0/../../../../arm-none-eabi/lib/thumb/v7e-m/nofp/libc.a(libc_a-findfp.o)
 .text.__fp_unlock
                0x080002e4       0x1c /usr/lib/gcc/arm-none-eabi/14.2.0/../../../../arm-none-eabi/lib/thumb/v7e-m/nofp/libc.a(libc_a-findfp.o)
 .text.global_stdio_init.part.0
                0x08000300       0xf0 /usr/lib/gcc/arm-none-eabi/14.2.0/../../../../arm-none-eabi/lib/thumb/v7e-m/nofp/libc.a(libc_a-findfp.o)
 .text.__sfp    0x080003f0       0xc0 /usr/lib/gcc/arm-none-eabi/14.2.0/../../../../arm-none-eabi/lib/thumb/v7e-m/nofp/libc.a(libc_a-findfp.o)
                0x080003f0                __sfp
 .text.__sinit  0x080004b0       0x3c /usr/lib/gcc/arm-none-eabi/14.2.0/../../../../arm-none-eabi/lib/thumb/v7e-m/nofp/libc.a(libc_a-findfp.o)
                0x080004b0                __sinit
 .text.__sfp_lock_acquire
                0x080004ec        0xc /usr/lib/gcc/arm-none-eabi/14.2.0/../../../../arm-none-eabi/lib/thumb/v7e-m/nofp/libc.a(libc_a-findfp.o)
                0x080004ec                __sfp_lock_acquire
 .text.__sfp_lock_release
                0x080004f8        0xc /usr/lib/gcc/arm-none-eabi/14.2.0/../../../../arm-none-eabi/lib/thumb/v7e-m/nofp/libc.a(libc_a-findfp.o)
                0x080004f8                __sfp_lock_release
 .text.__fp_lock_all
                0x08000504       0x24 /usr/lib/gcc/arm-none-eabi/14.2.0/../../../../arm-none-eabi/lib/thumb/v7e-m/nofp/libc.a(libc_a-findfp.o)
                0x08000504                __fp_lock_all
 .text.__fp_unlock_all
                0x08000528       0x24 /usr/lib/gcc/arm-none-eabi/14.2.0/../../../../arm-none-eabi/lib/thumb/v7e-m/nofp/libc.a(libc_a-findfp.o)
                0x08000528                __fp_unlock_all
 .text._fwalk_sglue
                0x0800054c       0x44 /usr/lib/gcc/arm-none-eabi/14.2.0/../../../../arm-none-eabi/lib/thumb/v7e-m/nofp/libc.a(libc_a-fwalk.o)
                0x0800054c                _fwalk_sglue
 .text.__sread  0x08000590       0x24 /usr/lib/gcc/arm-none-eabi/14.2.0/../../../../arm-none-eabi/lib/thumb/v7e-m/nofp/libc.a(libc_a-stdio.o)
                0x08000590                __sread
 .text.__seofread
                0x080005b4        0x4 /usr/lib/gcc/arm-none-eabi/14.2.0/../../../../arm-none-eabi/lib/thumb/v7e-m/nofp/libc.a(libc_a-stdio.o)
                0x080005b4                __seofread
 .text.__swrite
                0x080005b8       0x40 /usr/lib/gcc/arm-none-eabi/14.2.0/../../../../arm-none-eabi/lib/thumb/v7e-m/nofp/libc.a(libc_a-stdio.o)
                0x080005b8                __swrite
 .text.__sseek  0x080005f8       0x24 /usr/lib/gcc/arm-none-eabi/14.2.0/../../../../arm-none-eabi/lib/thumb/v7e-m/nofp/libc.a(libc_a-stdio.o)
                0x080005f8                __sseek
 .text.__sclose
                0x0800061c        0x8 /usr/lib/gcc/arm-none-eabi/14.2.0/../../../../arm-none-eabi/lib/thumb/v7e-m/nofp/libc.a(libc_a-stdio.o)
                0x0800061c                __sclose
 .text.memset   0x08000624       0x9c /usr/lib/gcc/arm-none-eabi/14.2.0/../../../../arm-none-eabi/lib/thumb/v7e-m/nofp/libc.a(libc_a-memset.o)
                0x08000624                memset
 .text._close_r
                0x080006c0       0x24 /usr/lib/gcc/arm-none-eabi/14.2.0/../../../../arm-none-eabi/lib/thumb/v7e-m/nofp/libc.a(libc_a-closer.o)
                0x080006c0                _close_r
 .text._reclaim_reent
                0x080006e4       0x6c /usr/lib/gcc/arm-none-eabi/14.2.0/../../../../arm-none-eabi/lib/thumb/v7e-m/nofp/libc.a(libc_a-reent.o)
                0x080006e4                _reclaim_reent
 .text._lseek_r
                0x08000750       0x2c /usr/lib/gcc/arm-none-eabi/14.2.0/../../../../arm-none-eabi/lib/thumb/v7e-m/nofp/libc.a(libc_a-lseekr.o)
                0x08000750                _lseek_r
 .text._read_r  0x0800077c       0x2c /usr/lib/gcc/arm-none-eabi/14.2.0/../../../../arm-none-eabi/lib/thumb/v7e-m/nofp/libc.a(libc_a-readr.o)
                0x0800077c                _read_r
 .text._write_r
                0x080007a8       0x2c /usr/lib/gcc/arm-none-eabi/14.2.0/../../../../arm-none-eabi/lib/thumb/v7e-m/nofp/libc.a(libc_a-writer.o)
                0x080007a8                _write_r
 .text.__libc_init_array
                0x080007d4       0x50 /usr/lib/gcc/arm-none-eabi/14.2.0/../../../../arm-none-eabi/lib/thumb/v7e-m/nofp/libc.a(libc_a-init.o)
                0x080007d4                __libc_init_array
 .text.__libc_fini_array
                0x08000824       0x28 /usr/lib/gcc/arm-none-eabi/14.2.0/../../../../arm-none-eabi/lib/thumb/v7e-m/nofp/libc.a(libc_a-fini.o)
                0x08000824                __libc_fini_array
 .text.__retarget_lock_init
                0x0800084c        0x4 /usr/lib/gcc/arm-none-eabi/14.2.0/../../../../arm-none-eabi/lib/thumb/v7e-m/nofp/libc.a(libc_a-lock.o)
                0x0800084c                __retarget_lock_init
 .text.__retarget_lock_init_recursive
                0x08000850        0x4 /usr/lib/gcc/arm-none-eabi/14.2.0/../../../../arm-none-eabi/lib/thumb/v7e-m/nofp/libc.a(libc_a-lock.o)
                0x08000850                __retarget_lock_init_recursive
 .text.__retarget_lock_close
                0x08000854        0x4 /usr/lib/gcc/arm-none-eabi/14.2.0/../../../../arm-none-eabi/lib/thumb/v7e-m/nofp/libc.a(libc_a-lock.o)
                0x08000854                __retarget_lock_close
 .text.__retarget_lock_close_recursive
                0x08000858        0x4 /usr/lib/gcc/arm-none-eabi/14.2.0/../../../../arm-none-eabi/lib/thumb/v7e-m/nofp/libc.a(libc_a-lock.o)
                0x08000858                __retarget_lock_close_recursive
 .text.__retarget_lock_acquire
                0x0800085c        0x4 /usr/lib/gcc/arm-none-eabi/14.2.0/../../../../arm-none-eabi/lib/thumb/v7e-m/nofp/libc.a(libc_a-lock.o)
                0x0800085c                __retarget_lock_acquire
 .text.__retarget_lock_acquire_recursive
                0x08000860        0x4 /usr/lib/gcc/arm-none-eabi/14.2.0/../../../../arm-none-eabi/lib/thumb/v7e-m/nofp/libc.a(libc_a-lock.o)
                0x08000860                __retarget_lock_acquire_recursive
 .text.__retarget_lock_try_acquire
                0x08000864        0x4 /usr/lib/gcc/arm-none-eabi/14.2.0/../../../../arm-none-eabi/lib/thumb/v7e-m/nofp/libc.a(libc_a-lock.o)
                0x08000864                __retarget_lock_try_acquire
 .text.__retarget_lock_try_acquire_recursive
                0x08000868        0x4 /usr/lib/gcc/arm-none-eabi/14.2.0/../../../../arm-none-eabi/lib/thumb/v7e-m/nofp/libc.a(libc_a-lock.o)
                0x08000868                __retarget_lock_try_acquire_recursive
 .text.__retarget_lock_release
                0x0800086c        0x4 /usr/lib/gcc/arm-none-eabi/14.2.0/../../../../arm-none-eabi/lib/thumb/v7e-m/nofp/libc.a(libc_a-lock.o)
                0x0800086c                __retarget_lock_release
 .text.__retarget_lock_release_recursive
                0x08000870        0x4 /usr/lib/gcc/arm-none-eabi/14.2.0/../../../../arm-none-eabi/lib/thumb/v7e-m/nofp/libc.a(libc_a-lock.o)
                0x08000870                __retarget_lock_release_recursive
 .text.__register_exitproc
                0x08000874       0x80 /usr/lib/gcc/arm-none-eabi/14.2.0/../../../../arm-none-eabi/lib/thumb/v7e-m/nofp/libc.a(libc_a-__atexit.o)
                0x08000874                __register_exitproc
 .text.startup.register_fini
                0x080008f4       0x14 /usr/lib/gcc/arm-none-eabi/14.2.0/../../../../arm-none-eabi/lib/thumb/v7e-m/nofp/libc.a(libc_a-__call_atexit.o)
 .text.__call_exitprocs
                0x08000908       0xc0 /usr/lib/gcc/arm-none-eabi/14.2.0/../../../../arm-none-eabi/lib/thumb/v7e-m/nofp/libc.a(libc_a-__call_atexit.o)
                0x08000908                __call_exitprocs
 .text._malloc_trim_r
                0x080009c8       0xb8 /usr/lib/gcc/arm-none-eabi/14.2.0/../../../../arm-none-eabi/lib/thumb/v7e-m/nofp/libc.a(libc_a-freer.o)
                0x080009c8                _malloc_trim_r
 .text._free_r  0x08000a80      0x1f0 /usr/lib/gcc/arm-none-eabi/14.2.0/../../../../arm-none-eabi/lib/thumb/v7e-m/nofp/libc.a(libc_a-freer.o)
                0x08000a80                _free_r
 .text._malloc_r
                0x08000c70      0x598 /usr/lib/gcc/arm-none-eabi/14.2.0/../../../../arm-none-eabi/lib/thumb/v7e-m/nofp/libc.a(libc_a-mallocr.o)
                0x08000c70                _malloc_r
 .text.__malloc_lock
                0x08001208        0xc /usr/lib/gcc/arm-none-eabi/14.2.0/../../../../arm-none-eabi/lib/thumb/v7e-m/nofp/libc.a(libc_a-mlock.o)
                0x08001208                __malloc_lock
 .text.__malloc_unlock
                0x08001214        0xc /usr/lib/gcc/arm-none-eabi/14.2.0/../../../../arm-none-eabi/lib/thumb/v7e-m/nofp/libc.a(libc_a-mlock.o)
                0x08001214                __malloc_unlock
 .text._fclose_r
                0x08001220       0xc0 /usr/lib/gcc/arm-none-eabi/14.2.0/../../../../arm-none-eabi/lib/thumb/v7e-m/nofp/libc.a(libc_a-fclose.o)
                0x08001220                _fclose_r
 .text.fclose   0x080012e0       0x10 /usr/lib/gcc/arm-none-eabi/14.2.0/../../../../arm-none-eabi/lib/thumb/v7e-m/nofp/libc.a(libc_a-fclose.o)
                0x080012e0                fclose
 .text.__sflush_r
                0x080012f0      0x124 /usr/lib/gcc/arm-none-eabi/14.2.0/../../../../arm-none-eabi/lib/thumb/v7e-m/nofp/libc.a(libc_a-fflush.o)
                0x080012f0                __sflush_r
 .text._fflush_r
                0x08001414       0x54 /usr/lib/gcc/arm-none-eabi/14.2.0/../../../../arm-none-eabi/lib/thumb/v7e-m/nofp/libc.a(libc_a-fflush.o)
                0x08001414                _fflush_r
 .text.fflush   0x08001468       0x74 /usr/lib/gcc/arm-none-eabi/14.2.0/../../../../arm-none-eabi/lib/thumb/v7e-m/nofp/libc.a(libc_a-fflush.o)
                0x08001468                fflush
 .text._sbrk_r  0x080014dc       0x24 /usr/lib/gcc/arm-none-eabi/14.2.0/../../../../arm-none-eabi/lib/thumb/v7e-m/nofp/libc.a(libc_a-sbrkr.o)
                0x080014dc                _sbrk_r
 .text.sysconf  0x08001500       0x1c /usr/lib/gcc/arm-none-eabi/14.2.0/../../../../arm-none-eabi/lib/thumb/v7e-m/nofp/libc.a(libc_a-sysconf.o)
                0x08001500                sysconf
 .text.__errno  0x0800151c        0xc /usr/lib/gcc/arm-none-eabi/14.2.0/../../../../arm-none-eabi/lib/thumb/v7e-m/nofp/libc.a(libc_a-errno.o)
                0x0800151c                __errno
 .text.Reset_Handler
                0x08001528       0x50 CMakeFiles/RoomControl_Final.dir/startup_stm32l476rgtx.s.o
                0x08001528                Reset_Handler
 .text.Default_Handler
                0x08001578        0x2 CMakeFiles/RoomControl_Final.dir/startup_stm32l476rgtx.s.o
                0x08001578                EXTI2_IRQHandler
                0x08001578                TIM8_TRG_COM_IRQHandler
                0x08001578                TIM8_CC_IRQHandler
                0x08001578                DMA1_CH4_IRQHandler
                0x08001578                TIM1_CC_IRQHandler
                0x08001578                TSC_IRQHandler
                0x08001578                HardFault_Handler
                0x08001578                TAMP_STAMP_IRQHandler
                0x08001578                PendSV_Handler
                0x08001578                NMI_Handler
                0x08001578                EXTI3_IRQHandler
                0x08001578                LPTIM2_IRQHandler
                0x08001578                DFSDM1_FLT1_IRQHandler
                0x08001578                I2C3_ER_IRQHandler
                0x08001578                DFSDM1_FLT2_IRQHandler
                0x08001578                TIM6_DACUNDER_IRQHandler
                0x08001578                EXTI0_IRQHandler
                0x08001578                I2C2_EV_IRQHandler
                0x08001578                DMA2_CH1_IRQHandler
                0x08001578                CAN1_RX0_IRQHandler
                0x08001578                TIM1_UP_TIM16_IRQHandler
                0x08001578                DMA2_CH7_IRQHandler
                0x08001578                UsageFault_Handler
                0x08001578                ADC1_2_IRQHandler
                0x08001578                SPI1_IRQHandler
                0x08001578                DMA1_CH7_IRQHandler
                0x08001578                TIM8_UP_IRQHandler
                0x08001578                RTC_ALARM_IRQHandler
                0x08001578                SAI2_IRQHandler
                0x08001578                DFSDM1_FLT3_IRQHandler
                0x08001578                DMA1_CH6_IRQHandler
                0x08001578                USART3_IRQHandler
                0x08001578                CAN1_RX1_IRQHandler
                0x08001578                LCD_IRQHandler
                0x08001578                UART5_IRQHandler
                0x08001578                ADC3_IRQHandler
                0x08001578                TIM4_IRQHandler
                0x08001578                QUADSPI_IRQHandler
                0x08001578                I2C1_EV_IRQHandler
                0x08001578                DMA2_CH5_IRQHandler
                0x08001578                UART4_IRQHandler
                0x08001578                DMA1_CH3_IRQHandler
                0x08001578                TIM3_IRQHandler
                0x08001578                RCC_IRQHandler
                0x08001578                Default_Handler
                0x08001578                TIM7_IRQHandler
                0x08001578                SDMMC1_IRQHandler
                0x08001578                TIM5_IRQHandler
                0x08001578                I2C3_EV_IRQHandler
                0x08001578                EXTI9_5_IRQHandler
                0x08001578                DMA1_CH2_IRQHandler
                0x08001578                RTC_WKUP_IRQHandler
                0x08001578                PVD_PVM_IRQHandler
                0x08001578                SPI2_IRQHandler
                0x08001578                DMA1_CH1_IRQHandler
                0x08001578                MemManage_Handler
                0x08001578                CAN1_TX_IRQHandler
                0x08001578                SVC_Handler
                0x08001578                EXTI4_IRQHandler
                0x08001578                RNG_IRQHandler
                0x08001578                TIM1_TRG_COM_TIM17_IRQHandler
                0x08001578                COMP_IRQHandler
                0x08001578                WWDG_IRQHandler
                0x08001578                LPUART1_IRQHandler
                0x08001578                TIM2_IRQHandler
                0x08001578                EXTI1_IRQHandler
                0x08001578                AES_IRQHandler
                0x08001578                USART2_IRQHandler
                0x08001578                DFSDM1_FLT0_IRQHandler
                0x08001578                I2C2_ER_IRQHandler
                0x08001578                TIM8_BRK_IRQHandler
                0x08001578                CAN1_SCE_IRQHandler
                0x08001578                FLASH_IRQHandler
                0x08001578                BusFault_Handler
                0x08001578                USART1_IRQHandler
                0x08001578                OTG_FS_IRQHandler
                0x08001578                SPI3_IRQHandler
                0x08001578                DMA2_CH6_IRQHandler
                0x08001578                DMA2_CH3_IRQHandler
                0x08001578                DMA2_CH2_IRQHandler
                0x08001578                I2C1_ER_IRQHandler
                0x08001578                FMC_IRQHandler
                0x08001578                DMA1_CH5_IRQHandler
                0x08001578                DMA2_CH4_IRQHandler
                0x08001578                SWPMI1_IRQHandler
                0x08001578                LPTIM1_IRQHandler
                0x08001578                SAI1_IRQHandler
                0x08001578                TIM1_BRK_TIM15_IRQHandler
 *fill*         0x0800157a        0x2 
 .text.ring_buffer_init
                0x0800157c       0x10 CMakeFiles/RoomControl_Final.dir/drivers/ringBuffer/ringBuffer.c.o
                0x0800157c                ring_buffer_init
 .text.ring_buffer_is_empty
                0x0800158c       0x18 CMakeFiles/RoomControl_Final.dir/drivers/ringBuffer/ringBuffer.c.o
                0x0800158c                ring_buffer_is_empty
 .text.ring_buffer_is_full
                0x080015a4       0x24 CMakeFiles/RoomControl_Final.dir/drivers/ringBuffer/ringBuffer.c.o
                0x080015a4                ring_buffer_is_full
 .text.ring_buffer_write
                0x080015c8       0x4c CMakeFiles/RoomControl_Final.dir/drivers/ringBuffer/ringBuffer.c.o
                0x080015c8                ring_buffer_write
 .text.ring_buffer_read
                0x08001614       0x2c CMakeFiles/RoomControl_Final.dir/drivers/ringBuffer/ringBuffer.c.o
                0x08001614                ring_buffer_read
 .text.ring_buffer_count
                0x08001640       0x20 CMakeFiles/RoomControl_Final.dir/drivers/ringBuffer/ringBuffer.c.o
                0x08001640                ring_buffer_count
 .text.ring_buffer_flush
                0x08001660        0xc CMakeFiles/RoomControl_Final.dir/drivers/ringBuffer/ringBuffer.c.o
                0x08001660                ring_buffer_flush
 .text.keypad_init
                0x0800166c       0xcc CMakeFiles/RoomControl_Final.dir/drivers/keyPad/keypad.c.o
                0x0800166c                keypad_init
 .text.keypad_scan
                0x08001738       0xe0 CMakeFiles/RoomControl_Final.dir/drivers/keyPad/keypad.c.o
                0x08001738                keypad_scan
 .text.keypad_read_key
                0x08001818       0x10 CMakeFiles/RoomControl_Final.dir/drivers/keyPad/keypad.c.o
                0x08001818                keypad_read_key
 .text.ssd1306_draw_char.part.0
                0x08001828       0xa0 CMakeFiles/RoomControl_Final.dir/drivers/SSD1306/ssd1306.c.o
 .text.ssd1306_update_screen.part.0
                0x080018c8       0xec CMakeFiles/RoomControl_Final.dir/drivers/SSD1306/ssd1306.c.o
 .text.ssd1306_init
                0x080019b4      0x31c CMakeFiles/RoomControl_Final.dir/drivers/SSD1306/ssd1306.c.o
                0x080019b4                ssd1306_init
 .text.ssd1306_fill
                0x08001cd0       0x18 CMakeFiles/RoomControl_Final.dir/drivers/SSD1306/ssd1306.c.o
                0x08001cd0                ssd1306_fill
 .text.ssd1306_update_screen
                0x08001ce8       0x10 CMakeFiles/RoomControl_Final.dir/drivers/SSD1306/ssd1306.c.o
                0x08001ce8                ssd1306_update_screen
 .text.ssd1306_draw_pixel
                0x08001cf8       0x30 CMakeFiles/RoomControl_Final.dir/drivers/SSD1306/ssd1306.c.o
                0x08001cf8                ssd1306_draw_pixel
 .text.ssd1306_draw_char
                0x08001d28       0x10 CMakeFiles/RoomControl_Final.dir/drivers/SSD1306/ssd1306.c.o
                0x08001d28                ssd1306_draw_char
 .text.ssd1306_draw_string
                0x08001d38       0x34 CMakeFiles/RoomControl_Final.dir/drivers/SSD1306/ssd1306.c.o
                0x08001d38                ssd1306_draw_string
 .text.systick_init
                0x08001d6c       0x28 CMakeFiles/RoomControl_Final.dir/src/systick.c.o
                0x08001d6c                systick_init
 .text.systick_getTick
                0x08001d94        0xc CMakeFiles/RoomControl_Final.dir/src/systick.c.o
                0x08001d94                systick_getTick
 .text.systick_delay_ms
                0x08001da0       0x14 CMakeFiles/RoomControl_Final.dir/src/systick.c.o
                0x08001da0                systick_delay_ms
 .text.systick_reset
                0x08001db4        0xc CMakeFiles/RoomControl_Final.dir/src/systick.c.o
                0x08001db4                systick_reset
 .text.SysTick_Handler
                0x08001dc0       0x10 CMakeFiles/RoomControl_Final.dir/src/systick.c.o
                0x08001dc0                SysTick_Handler
 .text.syscfg_exti_map
                0x08001dd0       0x3c CMakeFiles/RoomControl_Final.dir/src/syscfg.c.o
                0x08001dd0                syscfg_exti_map
 .text.flash_configure_for_high_speed
                0x08001e0c       0x20 CMakeFiles/RoomControl_Final.dir/src/flash.c.o
                0x08001e0c                flash_configure_for_high_speed
 .text.startup.main
                0x08001e2c       0x70 CMakeFiles/RoomControl_Final.dir/src/main.c.o
                0x08001e2c                main
 .text.EXTI15_10_IRQHandler
                0x08001e9c       0x24 CMakeFiles/RoomControl_Final.dir/src/main.c.o
                0x08001e9c                EXTI15_10_IRQHandler
 .text.get_port_index
                0x08001ec0       0x28 CMakeFiles/RoomControl_Final.dir/src/gpio.c.o
                0x08001ec0                get_port_index
 .text.gpio_init
                0x08001ee8       0xd8 CMakeFiles/RoomControl_Final.dir/src/gpio.c.o
                0x08001ee8                gpio_init
 .text.gpio_set_pin
                0x08001fc0        0x8 CMakeFiles/RoomControl_Final.dir/src/gpio.c.o
                0x08001fc0                gpio_set_pin
 .text.gpio_reset_pin
                0x08001fc8        0x8 CMakeFiles/RoomControl_Final.dir/src/gpio.c.o
                0x08001fc8                gpio_reset_pin
 .text.gpio_toggle_pin
                0x08001fd0        0xc CMakeFiles/RoomControl_Final.dir/src/gpio.c.o
                0x08001fd0                gpio_toggle_pin
 .text.gpio_read_pin
                0x08001fdc       0x10 CMakeFiles/RoomControl_Final.dir/src/gpio.c.o
                0x08001fdc                gpio_read_pin
 .text.exti_gpio_init
                0x08001fec       0x8c CMakeFiles/RoomControl_Final.dir/src/exti.c.o
                0x08001fec                exti_gpio_init
 .text.usart_interrupt_enable
                0x08002078       0x20 CMakeFiles/RoomControl_Final.dir/src/exti.c.o
                0x08002078                usart_interrupt_enable
 .text.EXTI0_IRQHandler
                0x08002098       0x14 CMakeFiles/RoomControl_Final.dir/src/exti.c.o
 .text.EXTI1_IRQHandler
                0x080020ac       0x14 CMakeFiles/RoomControl_Final.dir/src/exti.c.o
 .text.EXTI2_IRQHandler
                0x080020c0       0x14 CMakeFiles/RoomControl_Final.dir/src/exti.c.o
 .text.EXTI3_IRQHandler
                0x080020d4       0x14 CMakeFiles/RoomControl_Final.dir/src/exti.c.o
 .text.EXTI4_IRQHandler
                0x080020e8       0x14 CMakeFiles/RoomControl_Final.dir/src/exti.c.o
 .text.EXTI9_5_IRQHandler
                0x080020fc       0x10 CMakeFiles/RoomControl_Final.dir/src/exti.c.o
 .text.EXTI15_10_IRQHandler
                0x0800210c       0x10 CMakeFiles/RoomControl_Final.dir/src/exti.c.o
 .text.nvic_irq_enable
                0x0800211c       0x28 CMakeFiles/RoomControl_Final.dir/src/nvic.c.o
                0x0800211c                nvic_irq_enable
 .text.nvic_irq_disable
                0x08002144       0x28 CMakeFiles/RoomControl_Final.dir/src/nvic.c.o
                0x08002144                nvic_irq_disable
 .text.nvic_irq_set_priority
                0x0800216c       0x18 CMakeFiles/RoomControl_Final.dir/src/nvic.c.o
                0x0800216c                nvic_irq_set_priority
 .text.nvic_irq_clear_pending
                0x08002184       0x20 CMakeFiles/RoomControl_Final.dir/src/nvic.c.o
                0x08002184                nvic_irq_clear_pending
 .text.usart_number
                0x080021a4       0x40 CMakeFiles/RoomControl_Final.dir/src/uart.c.o
                0x080021a4                usart_number
 .text.usart_set_word_lenght
                0x080021e4       0x24 CMakeFiles/RoomControl_Final.dir/src/uart.c.o
                0x080021e4                usart_set_word_lenght
 .text.usart_set_stop_bits
                0x08002208       0x30 CMakeFiles/RoomControl_Final.dir/src/uart.c.o
                0x08002208                usart_set_stop_bits
 .text.usart_set_parity
                0x08002238       0x2c CMakeFiles/RoomControl_Final.dir/src/uart.c.o
                0x08002238                usart_set_parity
 .text.usart_init
                0x08002264      0x1bc CMakeFiles/RoomControl_Final.dir/src/uart.c.o
                0x08002264                usart_init
 .text.usart_rx_interrupt_enable
                0x08002420       0x54 CMakeFiles/RoomControl_Final.dir/src/uart.c.o
                0x08002420                usart_rx_interrupt_enable
 .text.usart_send_char
                0x08002474        0xc CMakeFiles/RoomControl_Final.dir/src/uart.c.o
                0x08002474                usart_send_char
 .text.usart_send_string
                0x08002480       0x18 CMakeFiles/RoomControl_Final.dir/src/uart.c.o
                0x08002480                usart_send_string
 .text.usart_receive_char
                0x08002498        0xc CMakeFiles/RoomControl_Final.dir/src/uart.c.o
                0x08002498                usart_receive_char
 .text.i2c_number
                0x080024a4       0x28 CMakeFiles/RoomControl_Final.dir/src/i2c.c.o
                0x080024a4                i2c_number
 .text.i2c_init
                0x080024cc       0xb4 CMakeFiles/RoomControl_Final.dir/src/i2c.c.o
                0x080024cc                i2c_init
 .text.i2c_master_write
                0x08002580       0x74 CMakeFiles/RoomControl_Final.dir/src/i2c.c.o
                0x08002580                i2c_master_write
 .text.i2c_master_read
                0x080025f4       0x78 CMakeFiles/RoomControl_Final.dir/src/i2c.c.o
                0x080025f4                i2c_master_read
 .text.timer_get_pin_config
                0x0800266c       0x8c CMakeFiles/RoomControl_Final.dir/src/tim.c.o
                0x0800266c                timer_get_pin_config
 .text.timer_clock_enable
                0x080026f8       0xb0 CMakeFiles/RoomControl_Final.dir/src/tim.c.o
                0x080026f8                timer_clock_enable
 .text.pwm_init
                0x080027a8       0x98 CMakeFiles/RoomControl_Final.dir/src/tim.c.o
                0x080027a8                pwm_init
 .text.pwm_set_dutyCycle
                0x08002840       0x40 CMakeFiles/RoomControl_Final.dir/src/tim.c.o
                0x08002840                pwm_set_dutyCycle
 .text.rcc_sys_power_clock_enable
                0x08002880       0x18 CMakeFiles/RoomControl_Final.dir/src/rcc.c.o
                0x08002880                rcc_sys_power_clock_enable
 .text.rcc_set_system_clock
                0x08002898       0xb4 CMakeFiles/RoomControl_Final.dir/src/rcc.c.o
                0x08002898                rcc_set_system_clock
 .text.rcc_gpio_clock_enable
                0x0800294c       0x18 CMakeFiles/RoomControl_Final.dir/src/rcc.c.o
                0x0800294c                rcc_gpio_clock_enable
 .text.rcc_usart_clock_enable
                0x08002964       0x50 CMakeFiles/RoomControl_Final.dir/src/rcc.c.o
                0x08002964                rcc_usart_clock_enable
 .text.rcc_i2c_clock_enable
                0x080029b4       0x34 CMakeFiles/RoomControl_Final.dir/src/rcc.c.o
                0x080029b4                rcc_i2c_clock_enable
 .text.rcc_tim_clock_enable
                0x080029e8       0xa4 CMakeFiles/RoomControl_Final.dir/src/rcc.c.o
                0x080029e8                rcc_tim_clock_enable
 .text.initialise_monitor_handles
                0x08002a8c        0x4 CMakeFiles/RoomControl_Final.dir/User/syscalls.c.o
                0x08002a8c                initialise_monitor_handles
 .text._getpid  0x08002a90        0x4 CMakeFiles/RoomControl_Final.dir/User/syscalls.c.o
                0x08002a90                _getpid
 .text._kill    0x08002a94       0x10 CMakeFiles/RoomControl_Final.dir/User/syscalls.c.o
                0x08002a94                _kill
 .text._exit    0x08002aa4        0xc CMakeFiles/RoomControl_Final.dir/User/syscalls.c.o
                0x08002aa4                _exit
 .text._read    0x08002ab0       0x1c CMakeFiles/RoomControl_Final.dir/User/syscalls.c.o
                0x08002ab0                _read
 .text._write   0x08002acc       0x1c CMakeFiles/RoomControl_Final.dir/User/syscalls.c.o
                0x08002acc                _write
 .text._close   0x08002ae8        0x8 CMakeFiles/RoomControl_Final.dir/User/syscalls.c.o
                0x08002ae8                _close
 .text._fstat   0x08002af0        0xc CMakeFiles/RoomControl_Final.dir/User/syscalls.c.o
                0x08002af0                _fstat
 .text._isatty  0x08002afc        0x4 CMakeFiles/RoomControl_Final.dir/User/syscalls.c.o
                0x08002afc                _isatty
 .text._lseek   0x08002b00        0x4 CMakeFiles/RoomControl_Final.dir/User/syscalls.c.o
                0x08002b00                _lseek
 .text._open    0x08002b04        0xc CMakeFiles/RoomControl_Final.dir/User/syscalls.c.o
                0x08002b04                _open
 .text._wait    0x08002b10       0x10 CMakeFiles/RoomControl_Final.dir/User/syscalls.c.o
                0x08002b10                _wait
 .text._unlink  0x08002b20       0x10 CMakeFiles/RoomControl_Final.dir/User/syscalls.c.o
                0x08002b20                _unlink
 .text._times   0x08002b30        0x8 CMakeFiles/RoomControl_Final.dir/User/syscalls.c.o
                0x08002b30                _times
 .text._stat    0x08002b38        0xc CMakeFiles/RoomControl_Final.dir/User/syscalls.c.o
                0x08002b38                _stat
 .text._link    0x08002b44       0x10 CMakeFiles/RoomControl_Final.dir/User/syscalls.c.o
                0x08002b44                _link
 .text._fork    0x08002b54       0x10 CMakeFiles/RoomControl_Final.dir/User/syscalls.c.o
                0x08002b54                _fork
 .text._execve  0x08002b64       0x10 CMakeFiles/RoomControl_Final.dir/User/syscalls.c.o
                0x08002b64                _execve
 .text._sbrk    0x08002b74       0x44 CMakeFiles/RoomControl_Final.dir/User/sysmem.c.o
                0x08002b74                _sbrk
 *(.glue_7)
 .glue_7        0x08002bb8        0x0 linker stubs
 *(.glue_7t)
 .glue_7t       0x08002bb8        0x0 linker stubs
 *(.eh_frame)
 .eh_frame      0x08002bb8        0x0 /usr/lib/gcc/arm-none-eabi/14.2.0/thumb/v7e-m/nofp/crtbegin.o
 .eh_frame      0x08002bb8        0x4 /usr/lib/gcc/arm-none-eabi/14.2.0/thumb/v7e-m/nofp/crtend.o
 *(.init)
 .init          0x08002bbc        0x4 /usr/lib/gcc/arm-none-eabi/14.2.0/thumb/v7e-m/nofp/crti.o
                0x08002bbc                _init
 .init          0x08002bc0        0x8 /usr/lib/gcc/arm-none-eabi/14.2.0/thumb/v7e-m/nofp/crtn.o
 *(.fini)
 .fini          0x08002bc8        0x4 /usr/lib/gcc/arm-none-eabi/14.2.0/thumb/v7e-m/nofp/crti.o
                0x08002bc8                _fini
 .fini          0x08002bcc        0x8 /usr/lib/gcc/arm-none-eabi/14.2.0/thumb/v7e-m/nofp/crtn.o
                0x08002bd4                        . = ALIGN (0x4)
                0x08002bd4                        _etext = .

.vfp11_veneer   0x08002bd4        0x0
 .vfp11_veneer  0x08002bd4        0x0 linker stubs

.v4_bx          0x08002bd4        0x0
 .v4_bx         0x08002bd4        0x0 linker stubs

.iplt           0x08002bd4        0x0
 .iplt          0x08002bd4        0x0 /usr/lib/gcc/arm-none-eabi/14.2.0/thumb/v7e-m/nofp/crtbegin.o

.rodata         0x08002bd4      0x28c
                0x08002bd4                        . = ALIGN (0x4)
 *(.rodata)
 *(.rodata*)
 .rodata.all_implied_fbits
                0x08002bd4       0x24 /usr/lib/gcc/arm-none-eabi/14.2.0/thumb/v7e-m/nofp/crtbegin.o
 .rodata.keypad_map
                0x08002bf8       0x10 CMakeFiles/RoomControl_Final.dir/drivers/keyPad/keypad.c.o
 .rodata.g_font_5x7
                0x08002c08      0x1db CMakeFiles/RoomControl_Final.dir/drivers/SSD1306/font.c.o
                0x08002c08                g_font_5x7
 *fill*         0x08002de3        0x1 
 .rodata.main.str1.4
                0x08002de4       0x22 CMakeFiles/RoomControl_Final.dir/src/main.c.o
                                  0xe (size before relaxing)
 .rodata.EXTI15_10_IRQHandler.str1.4
                0x08002e06       0x12 CMakeFiles/RoomControl_Final.dir/src/main.c.o
 *fill*         0x08002e06        0x2 
 .rodata.extern_keypad_conf
                0x08002e08       0x28 CMakeFiles/RoomControl_Final.dir/src/main.c.o
                0x08002e08                extern_keypad_conf
 .rodata.CSWTCH.1
                0x08002e30        0xa CMakeFiles/RoomControl_Final.dir/src/exti.c.o
 .rodata.all_implied_fbits
                0x08002e3a       0x24 /usr/lib/gcc/arm-none-eabi/14.2.0/thumb/v7e-m/nofp/crtend.o
                0x08002e60                        . = ALIGN (0x4)
 *fill*         0x08002e5e        0x2 

.ARM.extab      0x08002e60        0x0
                0x08002e60                        . = ALIGN (0x4)
 *(.ARM.extab* .gnu.linkonce.armextab.*)
 .ARM.extab     0x08002e60        0x0 /usr/lib/gcc/arm-none-eabi/14.2.0/../../../../arm-none-eabi/lib/thumb/v7e-m/nofp/crt0.o
                0x08002e60                        . = ALIGN (0x4)

.ARM            0x08002e60        0x8
                0x08002e60                        . = ALIGN (0x4)
                0x08002e60                        __exidx_start = .
 *(.ARM.exidx*)
 .ARM.exidx     0x08002e60        0x8 /usr/lib/gcc/arm-none-eabi/14.2.0/../../../../arm-none-eabi/lib/thumb/v7e-m/nofp/crt0.o
                                 0x10 (size before relaxing)
                0x08002e68                        __exidx_end = .
                0x08002e68                        . = ALIGN (0x4)

.rel.dyn        0x08002e68        0x0
 .rel.iplt      0x08002e68        0x0 /usr/lib/gcc/arm-none-eabi/14.2.0/thumb/v7e-m/nofp/crtbegin.o

.preinit_array  0x08002e68        0x0
                0x08002e68                        . = ALIGN (0x4)
                0x08002e68                        PROVIDE (__preinit_array_start = .)
 *(.preinit_array*)
                0x08002e68                        PROVIDE (__preinit_array_end = .)
                0x08002e68                        . = ALIGN (0x4)

.init_array     0x08002e68        0x8
                0x08002e68                        . = ALIGN (0x4)
                0x08002e68                        PROVIDE (__init_array_start = .)
 *(SORT_BY_NAME(.init_array.*))
 .init_array.00000
                0x08002e68        0x4 /usr/lib/gcc/arm-none-eabi/14.2.0/../../../../arm-none-eabi/lib/thumb/v7e-m/nofp/libc.a(libc_a-__call_atexit.o)
 *(.init_array*)
 .init_array    0x08002e6c        0x4 /usr/lib/gcc/arm-none-eabi/14.2.0/thumb/v7e-m/nofp/crtbegin.o
                0x08002e70                        PROVIDE (__init_array_end = .)
                0x08002e70                        . = ALIGN (0x4)

.fini_array     0x08002e70        0x4
                0x08002e70                        . = ALIGN (0x4)
                0x08002e70                        PROVIDE (__fini_array_start = .)
 *(SORT_BY_NAME(.fini_array.*))
 *(.fini_array*)
 .fini_array    0x08002e70        0x4 /usr/lib/gcc/arm-none-eabi/14.2.0/thumb/v7e-m/nofp/crtbegin.o
                0x08002e74                        PROVIDE (__fini_array_end = .)
                0x08002e74                        . = ALIGN (0x4)
                0x08002e74                        _sidata = LOADADDR (.data)

.data           0x20000000      0x58c load address 0x08002e74
                0x20000000                        . = ALIGN (0x4)
                0x20000000                        _sdata = .
 *(.data)
 .data          0x20000000        0x0 /usr/lib/gcc/arm-none-eabi/14.2.0/thumb/v7e-m/nofp/crti.o
 .data          0x20000000        0x0 /usr/lib/gcc/arm-none-eabi/14.2.0/thumb/v7e-m/nofp/crtbegin.o
 .data          0x20000000        0x0 /usr/lib/gcc/arm-none-eabi/14.2.0/../../../../arm-none-eabi/lib/thumb/v7e-m/nofp/crt0.o
 .data          0x20000000        0x0 /usr/lib/gcc/arm-none-eabi/14.2.0/../../../../arm-none-eabi/lib/thumb/v7e-m/nofp/libc.a(libc_a-atexit.o)
 .data          0x20000000        0x0 /usr/lib/gcc/arm-none-eabi/14.2.0/../../../../arm-none-eabi/lib/thumb/v7e-m/nofp/libc.a(libc_a-exit.o)
 .data          0x20000000        0x0 /usr/lib/gcc/arm-none-eabi/14.2.0/../../../../arm-none-eabi/lib/thumb/v7e-m/nofp/libc.a(libc_a-findfp.o)
 .data          0x20000000        0x0 /usr/lib/gcc/arm-none-eabi/14.2.0/../../../../arm-none-eabi/lib/thumb/v7e-m/nofp/libc.a(libc_a-fwalk.o)
 .data          0x20000000        0x0 /usr/lib/gcc/arm-none-eabi/14.2.0/../../../../arm-none-eabi/lib/thumb/v7e-m/nofp/libc.a(libc_a-stdio.o)
 .data          0x20000000        0x0 /usr/lib/gcc/arm-none-eabi/14.2.0/../../../../arm-none-eabi/lib/thumb/v7e-m/nofp/libc.a(libc_a-memset.o)
 .data          0x20000000        0x0 /usr/lib/gcc/arm-none-eabi/14.2.0/../../../../arm-none-eabi/lib/thumb/v7e-m/nofp/libc.a(libc_a-closer.o)
 .data          0x20000000        0x0 /usr/lib/gcc/arm-none-eabi/14.2.0/../../../../arm-none-eabi/lib/thumb/v7e-m/nofp/libc.a(libc_a-reent.o)
 .data          0x20000000        0x0 /usr/lib/gcc/arm-none-eabi/14.2.0/../../../../arm-none-eabi/lib/thumb/v7e-m/nofp/libc.a(libc_a-impure.o)
 .data          0x20000000        0x0 /usr/lib/gcc/arm-none-eabi/14.2.0/../../../../arm-none-eabi/lib/thumb/v7e-m/nofp/libc.a(libc_a-lseekr.o)
 .data          0x20000000        0x0 /usr/lib/gcc/arm-none-eabi/14.2.0/../../../../arm-none-eabi/lib/thumb/v7e-m/nofp/libc.a(libc_a-readr.o)
 .data          0x20000000        0x0 /usr/lib/gcc/arm-none-eabi/14.2.0/../../../../arm-none-eabi/lib/thumb/v7e-m/nofp/libc.a(libc_a-writer.o)
 .data          0x20000000        0x0 /usr/lib/gcc/arm-none-eabi/14.2.0/../../../../arm-none-eabi/lib/thumb/v7e-m/nofp/libc.a(libc_a-init.o)
 .data          0x20000000        0x0 /usr/lib/gcc/arm-none-eabi/14.2.0/../../../../arm-none-eabi/lib/thumb/v7e-m/nofp/libc.a(libc_a-fini.o)
 .data          0x20000000        0x0 /usr/lib/gcc/arm-none-eabi/14.2.0/../../../../arm-none-eabi/lib/thumb/v7e-m/nofp/libc.a(libc_a-lock.o)
 .data          0x20000000        0x0 /usr/lib/gcc/arm-none-eabi/14.2.0/../../../../arm-none-eabi/lib/thumb/v7e-m/nofp/libc.a(libc_a-__atexit.o)
 .data          0x20000000        0x0 /usr/lib/gcc/arm-none-eabi/14.2.0/../../../../arm-none-eabi/lib/thumb/v7e-m/nofp/libc.a(libc_a-__call_atexit.o)
 .data          0x20000000        0x0 /usr/lib/gcc/arm-none-eabi/14.2.0/../../../../arm-none-eabi/lib/thumb/v7e-m/nofp/libc.a(libc_a-freer.o)
 .data          0x20000000        0x0 /usr/lib/gcc/arm-none-eabi/14.2.0/../../../../arm-none-eabi/lib/thumb/v7e-m/nofp/libc.a(libc_a-mallocr.o)
 .data          0x20000000        0x0 /usr/lib/gcc/arm-none-eabi/14.2.0/../../../../arm-none-eabi/lib/thumb/v7e-m/nofp/libc.a(libc_a-mlock.o)
 .data          0x20000000        0x0 /usr/lib/gcc/arm-none-eabi/14.2.0/../../../../arm-none-eabi/lib/thumb/v7e-m/nofp/libc.a(libc_a-fclose.o)
 .data          0x20000000        0x0 /usr/lib/gcc/arm-none-eabi/14.2.0/../../../../arm-none-eabi/lib/thumb/v7e-m/nofp/libc.a(libc_a-fflush.o)
 .data          0x20000000        0x0 /usr/lib/gcc/arm-none-eabi/14.2.0/../../../../arm-none-eabi/lib/thumb/v7e-m/nofp/libc.a(libc_a-sbrkr.o)
 .data          0x20000000        0x0 /usr/lib/gcc/arm-none-eabi/14.2.0/../../../../arm-none-eabi/lib/thumb/v7e-m/nofp/libc.a(libc_a-sysconf.o)
 .data          0x20000000        0x0 /usr/lib/gcc/arm-none-eabi/14.2.0/../../../../arm-none-eabi/lib/thumb/v7e-m/nofp/libc.a(libc_a-errno.o)
 .data          0x20000000        0x0 CMakeFiles/RoomControl_Final.dir/startup_stm32l476rgtx.s.o
 .data          0x20000000        0x0 CMakeFiles/RoomControl_Final.dir/drivers/ringBuffer/ringBuffer.c.o
 .data          0x20000000        0x0 CMakeFiles/RoomControl_Final.dir/drivers/keyPad/keypad.c.o
 .data          0x20000000        0x0 CMakeFiles/RoomControl_Final.dir/drivers/SSD1306/ssd1306.c.o
 .data          0x20000000        0x0 CMakeFiles/RoomControl_Final.dir/drivers/SSD1306/font.c.o
 .data          0x20000000        0x0 CMakeFiles/RoomControl_Final.dir/src/systick.c.o
 .data          0x20000000        0x0 CMakeFiles/RoomControl_Final.dir/src/syscfg.c.o
 .data          0x20000000        0x0 CMakeFiles/RoomControl_Final.dir/src/flash.c.o
 .data          0x20000000        0x0 CMakeFiles/RoomControl_Final.dir/src/main.c.o
 .data          0x20000000        0x0 CMakeFiles/RoomControl_Final.dir/src/gpio.c.o
 .data          0x20000000        0x0 CMakeFiles/RoomControl_Final.dir/src/exti.c.o
 .data          0x20000000        0x0 CMakeFiles/RoomControl_Final.dir/src/nvic.c.o
 .data          0x20000000        0x0 CMakeFiles/RoomControl_Final.dir/src/uart.c.o
 .data          0x20000000        0x0 CMakeFiles/RoomControl_Final.dir/src/i2c.c.o
 .data          0x20000000        0x0 CMakeFiles/RoomControl_Final.dir/src/tim.c.o
 .data          0x20000000        0x0 CMakeFiles/RoomControl_Final.dir/src/rcc.c.o
 .data          0x20000000        0x0 CMakeFiles/RoomControl_Final.dir/User/syscalls.c.o
 .data          0x20000000        0x0 CMakeFiles/RoomControl_Final.dir/User/sysmem.c.o
 .data          0x20000000        0x0 /usr/lib/gcc/arm-none-eabi/14.2.0/thumb/v7e-m/nofp/crtend.o
 .data          0x20000000        0x0 /usr/lib/gcc/arm-none-eabi/14.2.0/thumb/v7e-m/nofp/crtn.o
 *(.data*)
 .data.__dso_handle
                0x20000000        0x4 /usr/lib/gcc/arm-none-eabi/14.2.0/thumb/v7e-m/nofp/crtbegin.o
                0x20000000                __dso_handle
 .data.__sglue  0x20000004        0xc /usr/lib/gcc/arm-none-eabi/14.2.0/../../../../arm-none-eabi/lib/thumb/v7e-m/nofp/libc.a(libc_a-findfp.o)
                0x20000004                __sglue
 .data._impure_ptr
                0x20000010        0x4 /usr/lib/gcc/arm-none-eabi/14.2.0/../../../../arm-none-eabi/lib/thumb/v7e-m/nofp/libc.a(libc_a-impure.o)
                0x20000010                _impure_ptr
 *fill*         0x20000014        0x4 
 .data._impure_data
                0x20000018      0x140 /usr/lib/gcc/arm-none-eabi/14.2.0/../../../../arm-none-eabi/lib/thumb/v7e-m/nofp/libc.a(libc_a-impure.o)
                0x20000018                _impure_data
 .data.__atexit_recursive_mutex
                0x20000158        0x4 /usr/lib/gcc/arm-none-eabi/14.2.0/../../../../arm-none-eabi/lib/thumb/v7e-m/nofp/libc.a(libc_a-__call_atexit.o)
                0x20000158                __atexit_recursive_mutex
 .data.__malloc_sbrk_base
                0x2000015c        0x4 /usr/lib/gcc/arm-none-eabi/14.2.0/../../../../arm-none-eabi/lib/thumb/v7e-m/nofp/libc.a(libc_a-mallocr.o)
                0x2000015c                __malloc_sbrk_base
 .data.__malloc_trim_threshold
                0x20000160        0x4 /usr/lib/gcc/arm-none-eabi/14.2.0/../../../../arm-none-eabi/lib/thumb/v7e-m/nofp/libc.a(libc_a-mallocr.o)
                0x20000160                __malloc_trim_threshold
 *fill*         0x20000164        0x4 
 .data.__malloc_av_
                0x20000168      0x408 /usr/lib/gcc/arm-none-eabi/14.2.0/../../../../arm-none-eabi/lib/thumb/v7e-m/nofp/libc.a(libc_a-mallocr.o)
                0x20000168                __malloc_av_
 .data.heartbeat_conf
                0x20000570        0xc CMakeFiles/RoomControl_Final.dir/src/main.c.o
                0x20000570                heartbeat_conf
 .data.usart2_conf
                0x2000057c        0xc CMakeFiles/RoomControl_Final.dir/src/main.c.o
                0x2000057c                usart2_conf
 .data.environ  0x20000588        0x4 CMakeFiles/RoomControl_Final.dir/User/syscalls.c.o
                0x20000588                environ
 *(.RamFunc)
 *(.RamFunc*)
                0x2000058c                        . = ALIGN (0x4)
                0x2000058c                        _edata = .
                0x08003400                        _sisram2 = LOADADDR (.sram2)

.igot.plt       0x2000058c        0x0 load address 0x08003400
 .igot.plt      0x2000058c        0x0 /usr/lib/gcc/arm-none-eabi/14.2.0/thumb/v7e-m/nofp/crtbegin.o

.sram2          0x10000000        0x0 load address 0x08003400
                0x10000000                        . = ALIGN (0x4)
                0x10000000                        _ssram2 = .
 *(.sram2)
 *(.sram2*)
                0x10000000                        . = ALIGN (0x4)
                0x10000000                        _esram2 = .
                0x10000000                        . = ALIGN (0x4)

.bss            0x2000058c      0x5a4
                0x2000058c                        _sbss = .
                0x2000058c                        __bss_start__ = _sbss
 *(.bss)
 .bss           0x2000058c        0x0 /usr/lib/gcc/arm-none-eabi/14.2.0/thumb/v7e-m/nofp/crti.o
 .bss           0x2000058c        0x0 /usr/lib/gcc/arm-none-eabi/14.2.0/thumb/v7e-m/nofp/crtbegin.o
 .bss           0x2000058c        0x0 /usr/lib/gcc/arm-none-eabi/14.2.0/../../../../arm-none-eabi/lib/thumb/v7e-m/nofp/crt0.o
 .bss           0x2000058c        0x0 /usr/lib/gcc/arm-none-eabi/14.2.0/../../../../arm-none-eabi/lib/thumb/v7e-m/nofp/libc.a(libc_a-atexit.o)
 .bss           0x2000058c        0x0 /usr/lib/gcc/arm-none-eabi/14.2.0/../../../../arm-none-eabi/lib/thumb/v7e-m/nofp/libc.a(libc_a-exit.o)
 .bss           0x2000058c        0x0 /usr/lib/gcc/arm-none-eabi/14.2.0/../../../../arm-none-eabi/lib/thumb/v7e-m/nofp/libc.a(libc_a-findfp.o)
 .bss           0x2000058c        0x0 /usr/lib/gcc/arm-none-eabi/14.2.0/../../../../arm-none-eabi/lib/thumb/v7e-m/nofp/libc.a(libc_a-fwalk.o)
 .bss           0x2000058c        0x0 /usr/lib/gcc/arm-none-eabi/14.2.0/../../../../arm-none-eabi/lib/thumb/v7e-m/nofp/libc.a(libc_a-stdio.o)
 .bss           0x2000058c        0x0 /usr/lib/gcc/arm-none-eabi/14.2.0/../../../../arm-none-eabi/lib/thumb/v7e-m/nofp/libc.a(libc_a-memset.o)
 .bss           0x2000058c        0x0 /usr/lib/gcc/arm-none-eabi/14.2.0/../../../../arm-none-eabi/lib/thumb/v7e-m/nofp/libc.a(libc_a-closer.o)
 .bss           0x2000058c        0x0 /usr/lib/gcc/arm-none-eabi/14.2.0/../../../../arm-none-eabi/lib/thumb/v7e-m/nofp/libc.a(libc_a-reent.o)
 .bss           0x2000058c        0x0 /usr/lib/gcc/arm-none-eabi/14.2.0/../../../../arm-none-eabi/lib/thumb/v7e-m/nofp/libc.a(libc_a-impure.o)
 .bss           0x2000058c        0x0 /usr/lib/gcc/arm-none-eabi/14.2.0/../../../../arm-none-eabi/lib/thumb/v7e-m/nofp/libc.a(libc_a-lseekr.o)
 .bss           0x2000058c        0x0 /usr/lib/gcc/arm-none-eabi/14.2.0/../../../../arm-none-eabi/lib/thumb/v7e-m/nofp/libc.a(libc_a-readr.o)
 .bss           0x2000058c        0x0 /usr/lib/gcc/arm-none-eabi/14.2.0/../../../../arm-none-eabi/lib/thumb/v7e-m/nofp/libc.a(libc_a-writer.o)
 .bss           0x2000058c        0x0 /usr/lib/gcc/arm-none-eabi/14.2.0/../../../../arm-none-eabi/lib/thumb/v7e-m/nofp/libc.a(libc_a-init.o)
 .bss           0x2000058c        0x0 /usr/lib/gcc/arm-none-eabi/14.2.0/../../../../arm-none-eabi/lib/thumb/v7e-m/nofp/libc.a(libc_a-fini.o)
 .bss           0x2000058c        0x0 /usr/lib/gcc/arm-none-eabi/14.2.0/../../../../arm-none-eabi/lib/thumb/v7e-m/nofp/libc.a(libc_a-lock.o)
 .bss           0x2000058c        0x0 /usr/lib/gcc/arm-none-eabi/14.2.0/../../../../arm-none-eabi/lib/thumb/v7e-m/nofp/libc.a(libc_a-__atexit.o)
 .bss           0x2000058c        0x0 /usr/lib/gcc/arm-none-eabi/14.2.0/../../../../arm-none-eabi/lib/thumb/v7e-m/nofp/libc.a(libc_a-__call_atexit.o)
 .bss           0x2000058c        0x0 /usr/lib/gcc/arm-none-eabi/14.2.0/../../../../arm-none-eabi/lib/thumb/v7e-m/nofp/libc.a(libc_a-freer.o)
 .bss           0x2000058c        0x0 /usr/lib/gcc/arm-none-eabi/14.2.0/../../../../arm-none-eabi/lib/thumb/v7e-m/nofp/libc.a(libc_a-mallocr.o)
 .bss           0x2000058c        0x0 /usr/lib/gcc/arm-none-eabi/14.2.0/../../../../arm-none-eabi/lib/thumb/v7e-m/nofp/libc.a(libc_a-mlock.o)
 .bss           0x2000058c        0x0 /usr/lib/gcc/arm-none-eabi/14.2.0/../../../../arm-none-eabi/lib/thumb/v7e-m/nofp/libc.a(libc_a-fclose.o)
 .bss           0x2000058c        0x0 /usr/lib/gcc/arm-none-eabi/14.2.0/../../../../arm-none-eabi/lib/thumb/v7e-m/nofp/libc.a(libc_a-fflush.o)
 .bss           0x2000058c        0x0 /usr/lib/gcc/arm-none-eabi/14.2.0/../../../../arm-none-eabi/lib/thumb/v7e-m/nofp/libc.a(libc_a-sbrkr.o)
 .bss           0x2000058c        0x0 /usr/lib/gcc/arm-none-eabi/14.2.0/../../../../arm-none-eabi/lib/thumb/v7e-m/nofp/libc.a(libc_a-sysconf.o)
 .bss           0x2000058c        0x0 /usr/lib/gcc/arm-none-eabi/14.2.0/../../../../arm-none-eabi/lib/thumb/v7e-m/nofp/libc.a(libc_a-errno.o)
 .bss           0x2000058c        0x0 CMakeFiles/RoomControl_Final.dir/startup_stm32l476rgtx.s.o
 .bss           0x2000058c        0x0 CMakeFiles/RoomControl_Final.dir/drivers/ringBuffer/ringBuffer.c.o
 .bss           0x2000058c        0x0 CMakeFiles/RoomControl_Final.dir/drivers/keyPad/keypad.c.o
 .bss           0x2000058c        0x0 CMakeFiles/RoomControl_Final.dir/drivers/SSD1306/ssd1306.c.o
 .bss           0x2000058c        0x0 CMakeFiles/RoomControl_Final.dir/drivers/SSD1306/font.c.o
 .bss           0x2000058c        0x0 CMakeFiles/RoomControl_Final.dir/src/systick.c.o
 .bss           0x2000058c        0x0 CMakeFiles/RoomControl_Final.dir/src/syscfg.c.o
 .bss           0x2000058c        0x0 CMakeFiles/RoomControl_Final.dir/src/flash.c.o
 .bss           0x2000058c        0x0 CMakeFiles/RoomControl_Final.dir/src/main.c.o
 .bss           0x2000058c        0x0 CMakeFiles/RoomControl_Final.dir/src/gpio.c.o
 .bss           0x2000058c        0x0 CMakeFiles/RoomControl_Final.dir/src/exti.c.o
 .bss           0x2000058c        0x0 CMakeFiles/RoomControl_Final.dir/src/nvic.c.o
 .bss           0x2000058c        0x0 CMakeFiles/RoomControl_Final.dir/src/uart.c.o
 .bss           0x2000058c        0x0 CMakeFiles/RoomControl_Final.dir/src/i2c.c.o
 .bss           0x2000058c        0x0 CMakeFiles/RoomControl_Final.dir/src/tim.c.o
 .bss           0x2000058c        0x0 CMakeFiles/RoomControl_Final.dir/src/rcc.c.o
 .bss           0x2000058c        0x0 CMakeFiles/RoomControl_Final.dir/User/syscalls.c.o
 .bss           0x2000058c        0x0 CMakeFiles/RoomControl_Final.dir/User/sysmem.c.o
 .bss           0x2000058c        0x0 /usr/lib/gcc/arm-none-eabi/14.2.0/thumb/v7e-m/nofp/crtend.o
 .bss           0x2000058c        0x0 /usr/lib/gcc/arm-none-eabi/14.2.0/thumb/v7e-m/nofp/crtn.o
 *(.bss*)
 .bss.completed.1
                0x2000058c        0x1 /usr/lib/gcc/arm-none-eabi/14.2.0/thumb/v7e-m/nofp/crtbegin.o
 *fill*         0x2000058d        0x3 
 .bss.object.0  0x20000590       0x18 /usr/lib/gcc/arm-none-eabi/14.2.0/thumb/v7e-m/nofp/crtbegin.o
 .bss.__sf      0x200005a8      0x138 /usr/lib/gcc/arm-none-eabi/14.2.0/../../../../arm-none-eabi/lib/thumb/v7e-m/nofp/libc.a(libc_a-findfp.o)
                0x200005a8                __sf
 .bss.__stdio_exit_handler
                0x200006e0        0x4 /usr/lib/gcc/arm-none-eabi/14.2.0/../../../../arm-none-eabi/lib/thumb/v7e-m/nofp/libc.a(libc_a-findfp.o)
                0x200006e0                __stdio_exit_handler
 .bss.errno     0x200006e4        0x4 /usr/lib/gcc/arm-none-eabi/14.2.0/../../../../arm-none-eabi/lib/thumb/v7e-m/nofp/libc.a(libc_a-reent.o)
                0x200006e4                errno
 .bss.__lock___arc4random_mutex
                0x200006e8        0x1 /usr/lib/gcc/arm-none-eabi/14.2.0/../../../../arm-none-eabi/lib/thumb/v7e-m/nofp/libc.a(libc_a-lock.o)
                0x200006e8                __lock___arc4random_mutex
 *fill*         0x200006e9        0x3 
 .bss.__lock___dd_hash_mutex
                0x200006ec        0x1 /usr/lib/gcc/arm-none-eabi/14.2.0/../../../../arm-none-eabi/lib/thumb/v7e-m/nofp/libc.a(libc_a-lock.o)
                0x200006ec                __lock___dd_hash_mutex
 *fill*         0x200006ed        0x3 
 .bss.__lock___tz_mutex
                0x200006f0        0x1 /usr/lib/gcc/arm-none-eabi/14.2.0/../../../../arm-none-eabi/lib/thumb/v7e-m/nofp/libc.a(libc_a-lock.o)
                0x200006f0                __lock___tz_mutex
 *fill*         0x200006f1        0x3 
 .bss.__lock___env_recursive_mutex
                0x200006f4        0x1 /usr/lib/gcc/arm-none-eabi/14.2.0/../../../../arm-none-eabi/lib/thumb/v7e-m/nofp/libc.a(libc_a-lock.o)
                0x200006f4                __lock___env_recursive_mutex
 *fill*         0x200006f5        0x3 
 .bss.__lock___malloc_recursive_mutex
                0x200006f8        0x1 /usr/lib/gcc/arm-none-eabi/14.2.0/../../../../arm-none-eabi/lib/thumb/v7e-m/nofp/libc.a(libc_a-lock.o)
                0x200006f8                __lock___malloc_recursive_mutex
 *fill*         0x200006f9        0x3 
 .bss.__lock___at_quick_exit_mutex
                0x200006fc        0x1 /usr/lib/gcc/arm-none-eabi/14.2.0/../../../../arm-none-eabi/lib/thumb/v7e-m/nofp/libc.a(libc_a-lock.o)
                0x200006fc                __lock___at_quick_exit_mutex
 *fill*         0x200006fd        0x3 
 .bss.__lock___atexit_recursive_mutex
                0x20000700        0x1 /usr/lib/gcc/arm-none-eabi/14.2.0/../../../../arm-none-eabi/lib/thumb/v7e-m/nofp/libc.a(libc_a-lock.o)
                0x20000700                __lock___atexit_recursive_mutex
 *fill*         0x20000701        0x3 
 .bss.__lock___sfp_recursive_mutex
                0x20000704        0x1 /usr/lib/gcc/arm-none-eabi/14.2.0/../../../../arm-none-eabi/lib/thumb/v7e-m/nofp/libc.a(libc_a-lock.o)
                0x20000704                __lock___sfp_recursive_mutex
 *fill*         0x20000705        0x3 
 .bss.__atexit0
                0x20000708      0x190 /usr/lib/gcc/arm-none-eabi/14.2.0/../../../../arm-none-eabi/lib/thumb/v7e-m/nofp/libc.a(libc_a-__atexit.o)
                0x20000708                __atexit0
 .bss.__atexit  0x20000898        0x4 /usr/lib/gcc/arm-none-eabi/14.2.0/../../../../arm-none-eabi/lib/thumb/v7e-m/nofp/libc.a(libc_a-__call_atexit.o)
                0x20000898                __atexit
 .bss.__malloc_current_mallinfo
                0x2000089c       0x28 /usr/lib/gcc/arm-none-eabi/14.2.0/../../../../arm-none-eabi/lib/thumb/v7e-m/nofp/libc.a(libc_a-mallocr.o)
                0x2000089c                __malloc_current_mallinfo
 .bss.__malloc_max_total_mem
                0x200008c4        0x4 /usr/lib/gcc/arm-none-eabi/14.2.0/../../../../arm-none-eabi/lib/thumb/v7e-m/nofp/libc.a(libc_a-mallocr.o)
                0x200008c4                __malloc_max_total_mem
 .bss.__malloc_max_sbrked_mem
                0x200008c8        0x4 /usr/lib/gcc/arm-none-eabi/14.2.0/../../../../arm-none-eabi/lib/thumb/v7e-m/nofp/libc.a(libc_a-mallocr.o)
                0x200008c8                __malloc_max_sbrked_mem
 .bss.__malloc_top_pad
                0x200008cc        0x4 /usr/lib/gcc/arm-none-eabi/14.2.0/../../../../arm-none-eabi/lib/thumb/v7e-m/nofp/libc.a(libc_a-mallocr.o)
                0x200008cc                __malloc_top_pad
 .bss.keypad_initialized
                0x200008d0        0x1 CMakeFiles/RoomControl_Final.dir/drivers/keyPad/keypad.c.o
 *fill*         0x200008d1        0x3 
 .bss.keypad_config
                0x200008d4       0x28 CMakeFiles/RoomControl_Final.dir/drivers/keyPad/keypad.c.o
 .bss.debounce_counter
                0x200008fc        0x1 CMakeFiles/RoomControl_Final.dir/drivers/keyPad/keypad.c.o
 .bss.keypad_state
                0x200008fd        0x1 CMakeFiles/RoomControl_Final.dir/drivers/keyPad/keypad.c.o
 *fill*         0x200008fe        0x2 
 .bss.keypad_buffer_data
                0x20000900       0x10 CMakeFiles/RoomControl_Final.dir/drivers/keyPad/keypad.c.o
 .bss.keypad_rb
                0x20000910        0xc CMakeFiles/RoomControl_Final.dir/drivers/keyPad/keypad.c.o
 .bss.i2c_port  0x2000091c        0x4 CMakeFiles/RoomControl_Final.dir/drivers/SSD1306/ssd1306.c.o
 .bss.g_ssd1306_buffer
                0x20000920      0x200 CMakeFiles/RoomControl_Final.dir/drivers/SSD1306/ssd1306.c.o
 .bss.tick_counter
                0x20000b20        0x4 CMakeFiles/RoomControl_Final.dir/src/systick.c.o
 .bss.actualTick
                0x20000b24        0x4 CMakeFiles/RoomControl_Final.dir/src/main.c.o
                0x20000b24                actualTick
 .bss.__env     0x20000b28        0x4 CMakeFiles/RoomControl_Final.dir/User/syscalls.c.o
                0x20000b28                __env
 .bss.__sbrk_heap_end
                0x20000b2c        0x4 CMakeFiles/RoomControl_Final.dir/User/sysmem.c.o
 *(COMMON)
                0x20000b30                        . = ALIGN (0x4)
                0x20000b30                        _ebss = .
                0x20000b30                        __bss_end__ = _ebss

._user_heap_stack
                0x20000b30      0x600
                0x20000b30                        . = ALIGN (0x8)
                [!provide]                        PROVIDE (end = .)
                0x20000b30                        PROVIDE (_end = .)
                0x20000d30                        . = (. + _Min_Heap_Size)
 *fill*         0x20000b30      0x200 
                0x20001130                        . = (. + _Min_Stack_Size)
 *fill*         0x20000d30      0x400 
                0x20001130                        . = ALIGN (0x8)

/DISCARD/
 libc.a(*)
 libm.a(*)
 libgcc.a(*)

.ARM.attributes
                0x00000000       0x2a
 *(.ARM.attributes)
 .ARM.attributes
                0x00000000       0x1e /usr/lib/gcc/arm-none-eabi/14.2.0/thumb/v7e-m/nofp/crti.o
 .ARM.attributes
                0x0000001e       0x2e /usr/lib/gcc/arm-none-eabi/14.2.0/thumb/v7e-m/nofp/crtbegin.o
 .ARM.attributes
                0x0000004c       0x1c /usr/lib/gcc/arm-none-eabi/14.2.0/../../../../arm-none-eabi/lib/thumb/v7e-m/nofp/crt0.o
 .ARM.attributes
                0x00000068       0x2e /usr/lib/gcc/arm-none-eabi/14.2.0/../../../../arm-none-eabi/lib/thumb/v7e-m/nofp/libc.a(libc_a-atexit.o)
 .ARM.attributes
                0x00000096       0x2e /usr/lib/gcc/arm-none-eabi/14.2.0/../../../../arm-none-eabi/lib/thumb/v7e-m/nofp/libc.a(libc_a-exit.o)
 .ARM.attributes
                0x000000c4       0x2e /usr/lib/gcc/arm-none-eabi/14.2.0/../../../../arm-none-eabi/lib/thumb/v7e-m/nofp/libc.a(libc_a-findfp.o)
 .ARM.attributes
                0x000000f2       0x2e /usr/lib/gcc/arm-none-eabi/14.2.0/../../../../arm-none-eabi/lib/thumb/v7e-m/nofp/libc.a(libc_a-fwalk.o)
 .ARM.attributes
                0x00000120       0x2e /usr/lib/gcc/arm-none-eabi/14.2.0/../../../../arm-none-eabi/lib/thumb/v7e-m/nofp/libc.a(libc_a-stdio.o)
 .ARM.attributes
                0x0000014e       0x2e /usr/lib/gcc/arm-none-eabi/14.2.0/../../../../arm-none-eabi/lib/thumb/v7e-m/nofp/libc.a(libc_a-memset.o)
 .ARM.attributes
                0x0000017c       0x2e /usr/lib/gcc/arm-none-eabi/14.2.0/../../../../arm-none-eabi/lib/thumb/v7e-m/nofp/libc.a(libc_a-closer.o)
 .ARM.attributes
                0x000001aa       0x2e /usr/lib/gcc/arm-none-eabi/14.2.0/../../../../arm-none-eabi/lib/thumb/v7e-m/nofp/libc.a(libc_a-reent.o)
 .ARM.attributes
                0x000001d8       0x2e /usr/lib/gcc/arm-none-eabi/14.2.0/../../../../arm-none-eabi/lib/thumb/v7e-m/nofp/libc.a(libc_a-impure.o)
 .ARM.attributes
                0x00000206       0x2e /usr/lib/gcc/arm-none-eabi/14.2.0/../../../../arm-none-eabi/lib/thumb/v7e-m/nofp/libc.a(libc_a-lseekr.o)
 .ARM.attributes
                0x00000234       0x2e /usr/lib/gcc/arm-none-eabi/14.2.0/../../../../arm-none-eabi/lib/thumb/v7e-m/nofp/libc.a(libc_a-readr.o)
 .ARM.attributes
                0x00000262       0x2e /usr/lib/gcc/arm-none-eabi/14.2.0/../../../../arm-none-eabi/lib/thumb/v7e-m/nofp/libc.a(libc_a-writer.o)
 .ARM.attributes
                0x00000290       0x2e /usr/lib/gcc/arm-none-eabi/14.2.0/../../../../arm-none-eabi/lib/thumb/v7e-m/nofp/libc.a(libc_a-init.o)
 .ARM.attributes
                0x000002be       0x2e /usr/lib/gcc/arm-none-eabi/14.2.0/../../../../arm-none-eabi/lib/thumb/v7e-m/nofp/libc.a(libc_a-fini.o)
 .ARM.attributes
                0x000002ec       0x2e /usr/lib/gcc/arm-none-eabi/14.2.0/../../../../arm-none-eabi/lib/thumb/v7e-m/nofp/libc.a(libc_a-lock.o)
 .ARM.attributes
                0x0000031a       0x2e /usr/lib/gcc/arm-none-eabi/14.2.0/../../../../arm-none-eabi/lib/thumb/v7e-m/nofp/libc.a(libc_a-__atexit.o)
 .ARM.attributes
                0x00000348       0x2e /usr/lib/gcc/arm-none-eabi/14.2.0/../../../../arm-none-eabi/lib/thumb/v7e-m/nofp/libc.a(libc_a-__call_atexit.o)
 .ARM.attributes
                0x00000376       0x2e /usr/lib/gcc/arm-none-eabi/14.2.0/../../../../arm-none-eabi/lib/thumb/v7e-m/nofp/libc.a(libc_a-freer.o)
 .ARM.attributes
                0x000003a4       0x2e /usr/lib/gcc/arm-none-eabi/14.2.0/../../../../arm-none-eabi/lib/thumb/v7e-m/nofp/libc.a(libc_a-mallocr.o)
 .ARM.attributes
                0x000003d2       0x2e /usr/lib/gcc/arm-none-eabi/14.2.0/../../../../arm-none-eabi/lib/thumb/v7e-m/nofp/libc.a(libc_a-mlock.o)
 .ARM.attributes
                0x00000400       0x2e /usr/lib/gcc/arm-none-eabi/14.2.0/../../../../arm-none-eabi/lib/thumb/v7e-m/nofp/libc.a(libc_a-fclose.o)
 .ARM.attributes
                0x0000042e       0x2e /usr/lib/gcc/arm-none-eabi/14.2.0/../../../../arm-none-eabi/lib/thumb/v7e-m/nofp/libc.a(libc_a-fflush.o)
 .ARM.attributes
                0x0000045c       0x2e /usr/lib/gcc/arm-none-eabi/14.2.0/../../../../arm-none-eabi/lib/thumb/v7e-m/nofp/libc.a(libc_a-sbrkr.o)
 .ARM.attributes
                0x0000048a       0x2e /usr/lib/gcc/arm-none-eabi/14.2.0/../../../../arm-none-eabi/lib/thumb/v7e-m/nofp/libc.a(libc_a-sysconf.o)
 .ARM.attributes
                0x000004b8       0x2e /usr/lib/gcc/arm-none-eabi/14.2.0/../../../../arm-none-eabi/lib/thumb/v7e-m/nofp/libc.a(libc_a-errno.o)
 .ARM.attributes
                0x000004e6       0x21 CMakeFiles/RoomControl_Final.dir/startup_stm32l476rgtx.s.o
 .ARM.attributes
                0x00000507       0x2e CMakeFiles/RoomControl_Final.dir/drivers/ringBuffer/ringBuffer.c.o
 .ARM.attributes
                0x00000535       0x2e CMakeFiles/RoomControl_Final.dir/drivers/keyPad/keypad.c.o
 .ARM.attributes
                0x00000563       0x2e CMakeFiles/RoomControl_Final.dir/drivers/SSD1306/ssd1306.c.o
 .ARM.attributes
                0x00000591       0x2e CMakeFiles/RoomControl_Final.dir/drivers/SSD1306/font.c.o
 .ARM.attributes
                0x000005bf       0x2e CMakeFiles/RoomControl_Final.dir/src/systick.c.o
 .ARM.attributes
                0x000005ed       0x2e CMakeFiles/RoomControl_Final.dir/src/syscfg.c.o
 .ARM.attributes
                0x0000061b       0x2e CMakeFiles/RoomControl_Final.dir/src/flash.c.o
 .ARM.attributes
                0x00000649       0x2e CMakeFiles/RoomControl_Final.dir/src/main.c.o
 .ARM.attributes
                0x00000677       0x2e CMakeFiles/RoomControl_Final.dir/src/gpio.c.o
 .ARM.attributes
                0x000006a5       0x2e CMakeFiles/RoomControl_Final.dir/src/exti.c.o
 .ARM.attributes
                0x000006d3       0x2e CMakeFiles/RoomControl_Final.dir/src/nvic.c.o
 .ARM.attributes
                0x00000701       0x2e CMakeFiles/RoomControl_Final.dir/src/uart.c.o
 .ARM.attributes
                0x0000072f       0x2e CMakeFiles/RoomControl_Final.dir/src/i2c.c.o
 .ARM.attributes
                0x0000075d       0x2e CMakeFiles/RoomControl_Final.dir/src/tim.c.o
 .ARM.attributes
                0x0000078b       0x2e CMakeFiles/RoomControl_Final.dir/src/rcc.c.o
 .ARM.attributes
                0x000007b9       0x2e CMakeFiles/RoomControl_Final.dir/User/syscalls.c.o
 .ARM.attributes
                0x000007e7       0x2e CMakeFiles/RoomControl_Final.dir/User/sysmem.c.o
 .ARM.attributes
                0x00000815       0x2e /usr/lib/gcc/arm-none-eabi/14.2.0/thumb/v7e-m/nofp/crtend.o
 .ARM.attributes
                0x00000843       0x1e /usr/lib/gcc/arm-none-eabi/14.2.0/thumb/v7e-m/nofp/crtn.o
OUTPUT(RoomControl_Final elf32-littlearm)
LOAD linker stubs
LOAD /usr/lib/gcc/arm-none-eabi/14.2.0/../../../../arm-none-eabi/lib/thumb/v7e-m/nofp/libc.a
LOAD /usr/lib/gcc/arm-none-eabi/14.2.0/../../../../arm-none-eabi/lib/thumb/v7e-m/nofp/libm.a
LOAD /usr/lib/gcc/arm-none-eabi/14.2.0/thumb/v7e-m/nofp/libgcc.a

.debug_line_str
                0x00000000       0x91
 .debug_line_str
                0x00000000       0x91 /usr/lib/gcc/arm-none-eabi/14.2.0/../../../../arm-none-eabi/lib/thumb/v7e-m/nofp/crt0.o

.debug_info     0x00000000     0xa34c
 .debug_info    0x00000000      0x11e /usr/lib/gcc/arm-none-eabi/14.2.0/../../../../arm-none-eabi/lib/thumb/v7e-m/nofp/libc.a(libc_a-atexit.o)
 .debug_info    0x0000011e      0x10a /usr/lib/gcc/arm-none-eabi/14.2.0/../../../../arm-none-eabi/lib/thumb/v7e-m/nofp/libc.a(libc_a-exit.o)
 .debug_info    0x00000228     0x10fd /usr/lib/gcc/arm-none-eabi/14.2.0/../../../../arm-none-eabi/lib/thumb/v7e-m/nofp/libc.a(libc_a-findfp.o)
 .debug_info    0x00001325      0x80b /usr/lib/gcc/arm-none-eabi/14.2.0/../../../../arm-none-eabi/lib/thumb/v7e-m/nofp/libc.a(libc_a-fwalk.o)
 .debug_info    0x00001b30      0xac5 /usr/lib/gcc/arm-none-eabi/14.2.0/../../../../arm-none-eabi/lib/thumb/v7e-m/nofp/libc.a(libc_a-stdio.o)
 .debug_info    0x000025f5      0x135 /usr/lib/gcc/arm-none-eabi/14.2.0/../../../../arm-none-eabi/lib/thumb/v7e-m/nofp/libc.a(libc_a-memset.o)
 .debug_info    0x0000272a      0x798 /usr/lib/gcc/arm-none-eabi/14.2.0/../../../../arm-none-eabi/lib/thumb/v7e-m/nofp/libc.a(libc_a-closer.o)
 .debug_info    0x00002ec2      0x858 /usr/lib/gcc/arm-none-eabi/14.2.0/../../../../arm-none-eabi/lib/thumb/v7e-m/nofp/libc.a(libc_a-reent.o)
 .debug_info    0x0000371a      0x750 /usr/lib/gcc/arm-none-eabi/14.2.0/../../../../arm-none-eabi/lib/thumb/v7e-m/nofp/libc.a(libc_a-impure.o)
 .debug_info    0x00003e6a      0x7e3 /usr/lib/gcc/arm-none-eabi/14.2.0/../../../../arm-none-eabi/lib/thumb/v7e-m/nofp/libc.a(libc_a-lseekr.o)
 .debug_info    0x0000464d      0x7fa /usr/lib/gcc/arm-none-eabi/14.2.0/../../../../arm-none-eabi/lib/thumb/v7e-m/nofp/libc.a(libc_a-readr.o)
 .debug_info    0x00004e47      0x800 /usr/lib/gcc/arm-none-eabi/14.2.0/../../../../arm-none-eabi/lib/thumb/v7e-m/nofp/libc.a(libc_a-writer.o)
 .debug_info    0x00005647      0x10b /usr/lib/gcc/arm-none-eabi/14.2.0/../../../../arm-none-eabi/lib/thumb/v7e-m/nofp/libc.a(libc_a-init.o)
 .debug_info    0x00005752       0xf7 /usr/lib/gcc/arm-none-eabi/14.2.0/../../../../arm-none-eabi/lib/thumb/v7e-m/nofp/libc.a(libc_a-fini.o)
 .debug_info    0x00005849      0x218 /usr/lib/gcc/arm-none-eabi/14.2.0/../../../../arm-none-eabi/lib/thumb/v7e-m/nofp/libc.a(libc_a-lock.o)
 .debug_info    0x00005a61      0x25f /usr/lib/gcc/arm-none-eabi/14.2.0/../../../../arm-none-eabi/lib/thumb/v7e-m/nofp/libc.a(libc_a-__atexit.o)
 .debug_info    0x00005cc0      0x2dd /usr/lib/gcc/arm-none-eabi/14.2.0/../../../../arm-none-eabi/lib/thumb/v7e-m/nofp/libc.a(libc_a-__call_atexit.o)
 .debug_info    0x00005f9d      0xb7d /usr/lib/gcc/arm-none-eabi/14.2.0/../../../../arm-none-eabi/lib/thumb/v7e-m/nofp/libc.a(libc_a-freer.o)
 .debug_info    0x00006b1a      0xcff /usr/lib/gcc/arm-none-eabi/14.2.0/../../../../arm-none-eabi/lib/thumb/v7e-m/nofp/libc.a(libc_a-mallocr.o)
 .debug_info    0x00007819      0x7a6 /usr/lib/gcc/arm-none-eabi/14.2.0/../../../../arm-none-eabi/lib/thumb/v7e-m/nofp/libc.a(libc_a-mlock.o)
 .debug_info    0x00007fbf      0x908 /usr/lib/gcc/arm-none-eabi/14.2.0/../../../../arm-none-eabi/lib/thumb/v7e-m/nofp/libc.a(libc_a-fclose.o)
 .debug_info    0x000088c7      0xad1 /usr/lib/gcc/arm-none-eabi/14.2.0/../../../../arm-none-eabi/lib/thumb/v7e-m/nofp/libc.a(libc_a-fflush.o)
 .debug_info    0x00009398      0x7bd /usr/lib/gcc/arm-none-eabi/14.2.0/../../../../arm-none-eabi/lib/thumb/v7e-m/nofp/libc.a(libc_a-sbrkr.o)
 .debug_info    0x00009b55       0xc1 /usr/lib/gcc/arm-none-eabi/14.2.0/../../../../arm-none-eabi/lib/thumb/v7e-m/nofp/libc.a(libc_a-sysconf.o)
 .debug_info    0x00009c16      0x736 /usr/lib/gcc/arm-none-eabi/14.2.0/../../../../arm-none-eabi/lib/thumb/v7e-m/nofp/libc.a(libc_a-errno.o)

.debug_abbrev   0x00000000     0x2e07
 .debug_abbrev  0x00000000       0xc1 /usr/lib/gcc/arm-none-eabi/14.2.0/../../../../arm-none-eabi/lib/thumb/v7e-m/nofp/libc.a(libc_a-atexit.o)
 .debug_abbrev  0x000000c1       0xd5 /usr/lib/gcc/arm-none-eabi/14.2.0/../../../../arm-none-eabi/lib/thumb/v7e-m/nofp/libc.a(libc_a-exit.o)
 .debug_abbrev  0x00000196      0x484 /usr/lib/gcc/arm-none-eabi/14.2.0/../../../../arm-none-eabi/lib/thumb/v7e-m/nofp/libc.a(libc_a-findfp.o)
 .debug_abbrev  0x0000061a      0x1d9 /usr/lib/gcc/arm-none-eabi/14.2.0/../../../../arm-none-eabi/lib/thumb/v7e-m/nofp/libc.a(libc_a-fwalk.o)
 .debug_abbrev  0x000007f3      0x260 /usr/lib/gcc/arm-none-eabi/14.2.0/../../../../arm-none-eabi/lib/thumb/v7e-m/nofp/libc.a(libc_a-stdio.o)
 .debug_abbrev  0x00000a53       0xb7 /usr/lib/gcc/arm-none-eabi/14.2.0/../../../../arm-none-eabi/lib/thumb/v7e-m/nofp/libc.a(libc_a-memset.o)
 .debug_abbrev  0x00000b0a      0x1ec /usr/lib/gcc/arm-none-eabi/14.2.0/../../../../arm-none-eabi/lib/thumb/v7e-m/nofp/libc.a(libc_a-closer.o)
 .debug_abbrev  0x00000cf6      0x22a /usr/lib/gcc/arm-none-eabi/14.2.0/../../../../arm-none-eabi/lib/thumb/v7e-m/nofp/libc.a(libc_a-reent.o)
 .debug_abbrev  0x00000f20      0x185 /usr/lib/gcc/arm-none-eabi/14.2.0/../../../../arm-none-eabi/lib/thumb/v7e-m/nofp/libc.a(libc_a-impure.o)
 .debug_abbrev  0x000010a5      0x200 /usr/lib/gcc/arm-none-eabi/14.2.0/../../../../arm-none-eabi/lib/thumb/v7e-m/nofp/libc.a(libc_a-lseekr.o)
 .debug_abbrev  0x000012a5      0x1ec /usr/lib/gcc/arm-none-eabi/14.2.0/../../../../arm-none-eabi/lib/thumb/v7e-m/nofp/libc.a(libc_a-readr.o)
 .debug_abbrev  0x00001491      0x1f1 /usr/lib/gcc/arm-none-eabi/14.2.0/../../../../arm-none-eabi/lib/thumb/v7e-m/nofp/libc.a(libc_a-writer.o)
 .debug_abbrev  0x00001682       0xc9 /usr/lib/gcc/arm-none-eabi/14.2.0/../../../../arm-none-eabi/lib/thumb/v7e-m/nofp/libc.a(libc_a-init.o)
 .debug_abbrev  0x0000174b       0xcc /usr/lib/gcc/arm-none-eabi/14.2.0/../../../../arm-none-eabi/lib/thumb/v7e-m/nofp/libc.a(libc_a-fini.o)
 .debug_abbrev  0x00001817      0x115 /usr/lib/gcc/arm-none-eabi/14.2.0/../../../../arm-none-eabi/lib/thumb/v7e-m/nofp/libc.a(libc_a-lock.o)
 .debug_abbrev  0x0000192c      0x189 /usr/lib/gcc/arm-none-eabi/14.2.0/../../../../arm-none-eabi/lib/thumb/v7e-m/nofp/libc.a(libc_a-__atexit.o)
 .debug_abbrev  0x00001ab5      0x20c /usr/lib/gcc/arm-none-eabi/14.2.0/../../../../arm-none-eabi/lib/thumb/v7e-m/nofp/libc.a(libc_a-__call_atexit.o)
 .debug_abbrev  0x00001cc1      0x27f /usr/lib/gcc/arm-none-eabi/14.2.0/../../../../arm-none-eabi/lib/thumb/v7e-m/nofp/libc.a(libc_a-freer.o)
 .debug_abbrev  0x00001f40      0x2d7 /usr/lib/gcc/arm-none-eabi/14.2.0/../../../../arm-none-eabi/lib/thumb/v7e-m/nofp/libc.a(libc_a-mallocr.o)
 .debug_abbrev  0x00002217      0x1fb /usr/lib/gcc/arm-none-eabi/14.2.0/../../../../arm-none-eabi/lib/thumb/v7e-m/nofp/libc.a(libc_a-mlock.o)
 .debug_abbrev  0x00002412      0x2a2 /usr/lib/gcc/arm-none-eabi/14.2.0/../../../../arm-none-eabi/lib/thumb/v7e-m/nofp/libc.a(libc_a-fclose.o)
 .debug_abbrev  0x000026b4      0x323 /usr/lib/gcc/arm-none-eabi/14.2.0/../../../../arm-none-eabi/lib/thumb/v7e-m/nofp/libc.a(libc_a-fflush.o)
 .debug_abbrev  0x000029d7      0x216 /usr/lib/gcc/arm-none-eabi/14.2.0/../../../../arm-none-eabi/lib/thumb/v7e-m/nofp/libc.a(libc_a-sbrkr.o)
 .debug_abbrev  0x00002bed       0x80 /usr/lib/gcc/arm-none-eabi/14.2.0/../../../../arm-none-eabi/lib/thumb/v7e-m/nofp/libc.a(libc_a-sysconf.o)
 .debug_abbrev  0x00002c6d      0x19a /usr/lib/gcc/arm-none-eabi/14.2.0/../../../../arm-none-eabi/lib/thumb/v7e-m/nofp/libc.a(libc_a-errno.o)

.debug_loclists
                0x00000000     0x210e
 .debug_loclists
                0x00000000       0x30 /usr/lib/gcc/arm-none-eabi/14.2.0/../../../../arm-none-eabi/lib/thumb/v7e-m/nofp/libc.a(libc_a-atexit.o)
 .debug_loclists
                0x00000030       0x20 /usr/lib/gcc/arm-none-eabi/14.2.0/../../../../arm-none-eabi/lib/thumb/v7e-m/nofp/libc.a(libc_a-exit.o)
 .debug_loclists
                0x00000050      0x2d2 /usr/lib/gcc/arm-none-eabi/14.2.0/../../../../arm-none-eabi/lib/thumb/v7e-m/nofp/libc.a(libc_a-findfp.o)
 .debug_loclists
                0x00000322       0xa3 /usr/lib/gcc/arm-none-eabi/14.2.0/../../../../arm-none-eabi/lib/thumb/v7e-m/nofp/libc.a(libc_a-fwalk.o)
 .debug_loclists
                0x000003c5      0x28e /usr/lib/gcc/arm-none-eabi/14.2.0/../../../../arm-none-eabi/lib/thumb/v7e-m/nofp/libc.a(libc_a-stdio.o)
 .debug_loclists
                0x00000653      0x1a3 /usr/lib/gcc/arm-none-eabi/14.2.0/../../../../arm-none-eabi/lib/thumb/v7e-m/nofp/libc.a(libc_a-memset.o)
 .debug_loclists
                0x000007f6       0x58 /usr/lib/gcc/arm-none-eabi/14.2.0/../../../../arm-none-eabi/lib/thumb/v7e-m/nofp/libc.a(libc_a-closer.o)
 .debug_loclists
                0x0000084e       0x83 /usr/lib/gcc/arm-none-eabi/14.2.0/../../../../arm-none-eabi/lib/thumb/v7e-m/nofp/libc.a(libc_a-reent.o)
 .debug_loclists
                0x000008d1       0xb5 /usr/lib/gcc/arm-none-eabi/14.2.0/../../../../arm-none-eabi/lib/thumb/v7e-m/nofp/libc.a(libc_a-lseekr.o)
 .debug_loclists
                0x00000986       0xb5 /usr/lib/gcc/arm-none-eabi/14.2.0/../../../../arm-none-eabi/lib/thumb/v7e-m/nofp/libc.a(libc_a-readr.o)
 .debug_loclists
                0x00000a3b       0xb5 /usr/lib/gcc/arm-none-eabi/14.2.0/../../../../arm-none-eabi/lib/thumb/v7e-m/nofp/libc.a(libc_a-writer.o)
 .debug_loclists
                0x00000af0       0x6f /usr/lib/gcc/arm-none-eabi/14.2.0/../../../../arm-none-eabi/lib/thumb/v7e-m/nofp/libc.a(libc_a-init.o)
 .debug_loclists
                0x00000b5f       0x4c /usr/lib/gcc/arm-none-eabi/14.2.0/../../../../arm-none-eabi/lib/thumb/v7e-m/nofp/libc.a(libc_a-fini.o)
 .debug_loclists
                0x00000bab       0x29 /usr/lib/gcc/arm-none-eabi/14.2.0/../../../../arm-none-eabi/lib/thumb/v7e-m/nofp/libc.a(libc_a-lock.o)
 .debug_loclists
                0x00000bd4       0x8e /usr/lib/gcc/arm-none-eabi/14.2.0/../../../../arm-none-eabi/lib/thumb/v7e-m/nofp/libc.a(libc_a-__atexit.o)
 .debug_loclists
                0x00000c62      0x119 /usr/lib/gcc/arm-none-eabi/14.2.0/../../../../arm-none-eabi/lib/thumb/v7e-m/nofp/libc.a(libc_a-__call_atexit.o)
 .debug_loclists
                0x00000d7b      0x4c3 /usr/lib/gcc/arm-none-eabi/14.2.0/../../../../arm-none-eabi/lib/thumb/v7e-m/nofp/libc.a(libc_a-freer.o)
 .debug_loclists
                0x0000123e      0xa2a /usr/lib/gcc/arm-none-eabi/14.2.0/../../../../arm-none-eabi/lib/thumb/v7e-m/nofp/libc.a(libc_a-mallocr.o)
 .debug_loclists
                0x00001c68       0x46 /usr/lib/gcc/arm-none-eabi/14.2.0/../../../../arm-none-eabi/lib/thumb/v7e-m/nofp/libc.a(libc_a-mlock.o)
 .debug_loclists
                0x00001cae       0xe6 /usr/lib/gcc/arm-none-eabi/14.2.0/../../../../arm-none-eabi/lib/thumb/v7e-m/nofp/libc.a(libc_a-fclose.o)
 .debug_loclists
                0x00001d94      0x2e2 /usr/lib/gcc/arm-none-eabi/14.2.0/../../../../arm-none-eabi/lib/thumb/v7e-m/nofp/libc.a(libc_a-fflush.o)
 .debug_loclists
                0x00002076       0x58 /usr/lib/gcc/arm-none-eabi/14.2.0/../../../../arm-none-eabi/lib/thumb/v7e-m/nofp/libc.a(libc_a-sbrkr.o)
 .debug_loclists
                0x000020ce       0x40 /usr/lib/gcc/arm-none-eabi/14.2.0/../../../../arm-none-eabi/lib/thumb/v7e-m/nofp/libc.a(libc_a-sysconf.o)

.debug_aranges  0x00000000      0x400
 .debug_aranges
                0x00000000       0x20 /usr/lib/gcc/arm-none-eabi/14.2.0/../../../../arm-none-eabi/lib/thumb/v7e-m/nofp/libc.a(libc_a-atexit.o)
 .debug_aranges
                0x00000020       0x20 /usr/lib/gcc/arm-none-eabi/14.2.0/../../../../arm-none-eabi/lib/thumb/v7e-m/nofp/libc.a(libc_a-exit.o)
 .debug_aranges
                0x00000040       0x70 /usr/lib/gcc/arm-none-eabi/14.2.0/../../../../arm-none-eabi/lib/thumb/v7e-m/nofp/libc.a(libc_a-findfp.o)
 .debug_aranges
                0x000000b0       0x20 /usr/lib/gcc/arm-none-eabi/14.2.0/../../../../arm-none-eabi/lib/thumb/v7e-m/nofp/libc.a(libc_a-fwalk.o)
 .debug_aranges
                0x000000d0       0x40 /usr/lib/gcc/arm-none-eabi/14.2.0/../../../../arm-none-eabi/lib/thumb/v7e-m/nofp/libc.a(libc_a-stdio.o)
 .debug_aranges
                0x00000110       0x20 /usr/lib/gcc/arm-none-eabi/14.2.0/../../../../arm-none-eabi/lib/thumb/v7e-m/nofp/libc.a(libc_a-memset.o)
 .debug_aranges
                0x00000130       0x20 /usr/lib/gcc/arm-none-eabi/14.2.0/../../../../arm-none-eabi/lib/thumb/v7e-m/nofp/libc.a(libc_a-closer.o)
 .debug_aranges
                0x00000150       0x20 /usr/lib/gcc/arm-none-eabi/14.2.0/../../../../arm-none-eabi/lib/thumb/v7e-m/nofp/libc.a(libc_a-reent.o)
 .debug_aranges
                0x00000170       0x18 /usr/lib/gcc/arm-none-eabi/14.2.0/../../../../arm-none-eabi/lib/thumb/v7e-m/nofp/libc.a(libc_a-impure.o)
 .debug_aranges
                0x00000188       0x20 /usr/lib/gcc/arm-none-eabi/14.2.0/../../../../arm-none-eabi/lib/thumb/v7e-m/nofp/libc.a(libc_a-lseekr.o)
 .debug_aranges
                0x000001a8       0x20 /usr/lib/gcc/arm-none-eabi/14.2.0/../../../../arm-none-eabi/lib/thumb/v7e-m/nofp/libc.a(libc_a-readr.o)
 .debug_aranges
                0x000001c8       0x20 /usr/lib/gcc/arm-none-eabi/14.2.0/../../../../arm-none-eabi/lib/thumb/v7e-m/nofp/libc.a(libc_a-writer.o)
 .debug_aranges
                0x000001e8       0x20 /usr/lib/gcc/arm-none-eabi/14.2.0/../../../../arm-none-eabi/lib/thumb/v7e-m/nofp/libc.a(libc_a-init.o)
 .debug_aranges
                0x00000208       0x20 /usr/lib/gcc/arm-none-eabi/14.2.0/../../../../arm-none-eabi/lib/thumb/v7e-m/nofp/libc.a(libc_a-fini.o)
 .debug_aranges
                0x00000228       0x68 /usr/lib/gcc/arm-none-eabi/14.2.0/../../../../arm-none-eabi/lib/thumb/v7e-m/nofp/libc.a(libc_a-lock.o)
 .debug_aranges
                0x00000290       0x20 /usr/lib/gcc/arm-none-eabi/14.2.0/../../../../arm-none-eabi/lib/thumb/v7e-m/nofp/libc.a(libc_a-__atexit.o)
 .debug_aranges
                0x000002b0       0x28 /usr/lib/gcc/arm-none-eabi/14.2.0/../../../../arm-none-eabi/lib/thumb/v7e-m/nofp/libc.a(libc_a-__call_atexit.o)
 .debug_aranges
                0x000002d8       0x28 /usr/lib/gcc/arm-none-eabi/14.2.0/../../../../arm-none-eabi/lib/thumb/v7e-m/nofp/libc.a(libc_a-freer.o)
 .debug_aranges
                0x00000300       0x20 /usr/lib/gcc/arm-none-eabi/14.2.0/../../../../arm-none-eabi/lib/thumb/v7e-m/nofp/libc.a(libc_a-mallocr.o)
 .debug_aranges
                0x00000320       0x28 /usr/lib/gcc/arm-none-eabi/14.2.0/../../../../arm-none-eabi/lib/thumb/v7e-m/nofp/libc.a(libc_a-mlock.o)
 .debug_aranges
                0x00000348       0x28 /usr/lib/gcc/arm-none-eabi/14.2.0/../../../../arm-none-eabi/lib/thumb/v7e-m/nofp/libc.a(libc_a-fclose.o)
 .debug_aranges
                0x00000370       0x30 /usr/lib/gcc/arm-none-eabi/14.2.0/../../../../arm-none-eabi/lib/thumb/v7e-m/nofp/libc.a(libc_a-fflush.o)
 .debug_aranges
                0x000003a0       0x20 /usr/lib/gcc/arm-none-eabi/14.2.0/../../../../arm-none-eabi/lib/thumb/v7e-m/nofp/libc.a(libc_a-sbrkr.o)
 .debug_aranges
                0x000003c0       0x20 /usr/lib/gcc/arm-none-eabi/14.2.0/../../../../arm-none-eabi/lib/thumb/v7e-m/nofp/libc.a(libc_a-sysconf.o)
 .debug_aranges
                0x000003e0       0x20 /usr/lib/gcc/arm-none-eabi/14.2.0/../../../../arm-none-eabi/lib/thumb/v7e-m/nofp/libc.a(libc_a-errno.o)

.debug_rnglists
                0x00000000      0x3ca
 .debug_rnglists
                0x00000000       0x13 /usr/lib/gcc/arm-none-eabi/14.2.0/../../../../arm-none-eabi/lib/thumb/v7e-m/nofp/libc.a(libc_a-atexit.o)
 .debug_rnglists
                0x00000013       0x13 /usr/lib/gcc/arm-none-eabi/14.2.0/../../../../arm-none-eabi/lib/thumb/v7e-m/nofp/libc.a(libc_a-exit.o)
 .debug_rnglists
                0x00000026       0xf2 /usr/lib/gcc/arm-none-eabi/14.2.0/../../../../arm-none-eabi/lib/thumb/v7e-m/nofp/libc.a(libc_a-findfp.o)
 .debug_rnglists
                0x00000118       0x13 /usr/lib/gcc/arm-none-eabi/14.2.0/../../../../arm-none-eabi/lib/thumb/v7e-m/nofp/libc.a(libc_a-fwalk.o)
 .debug_rnglists
                0x0000012b       0x2b /usr/lib/gcc/arm-none-eabi/14.2.0/../../../../arm-none-eabi/lib/thumb/v7e-m/nofp/libc.a(libc_a-stdio.o)
 .debug_rnglists
                0x00000156       0x14 /usr/lib/gcc/arm-none-eabi/14.2.0/../../../../arm-none-eabi/lib/thumb/v7e-m/nofp/libc.a(libc_a-memset.o)
 .debug_rnglists
                0x0000016a       0x13 /usr/lib/gcc/arm-none-eabi/14.2.0/../../../../arm-none-eabi/lib/thumb/v7e-m/nofp/libc.a(libc_a-closer.o)
 .debug_rnglists
                0x0000017d       0x13 /usr/lib/gcc/arm-none-eabi/14.2.0/../../../../arm-none-eabi/lib/thumb/v7e-m/nofp/libc.a(libc_a-reent.o)
 .debug_rnglists
                0x00000190       0x13 /usr/lib/gcc/arm-none-eabi/14.2.0/../../../../arm-none-eabi/lib/thumb/v7e-m/nofp/libc.a(libc_a-lseekr.o)
 .debug_rnglists
                0x000001a3       0x13 /usr/lib/gcc/arm-none-eabi/14.2.0/../../../../arm-none-eabi/lib/thumb/v7e-m/nofp/libc.a(libc_a-readr.o)
 .debug_rnglists
                0x000001b6       0x13 /usr/lib/gcc/arm-none-eabi/14.2.0/../../../../arm-none-eabi/lib/thumb/v7e-m/nofp/libc.a(libc_a-writer.o)
 .debug_rnglists
                0x000001c9       0x13 /usr/lib/gcc/arm-none-eabi/14.2.0/../../../../arm-none-eabi/lib/thumb/v7e-m/nofp/libc.a(libc_a-init.o)
 .debug_rnglists
                0x000001dc       0x13 /usr/lib/gcc/arm-none-eabi/14.2.0/../../../../arm-none-eabi/lib/thumb/v7e-m/nofp/libc.a(libc_a-fini.o)
 .debug_rnglists
                0x000001ef       0x49 /usr/lib/gcc/arm-none-eabi/14.2.0/../../../../arm-none-eabi/lib/thumb/v7e-m/nofp/libc.a(libc_a-lock.o)
 .debug_rnglists
                0x00000238       0x14 /usr/lib/gcc/arm-none-eabi/14.2.0/../../../../arm-none-eabi/lib/thumb/v7e-m/nofp/libc.a(libc_a-__atexit.o)
 .debug_rnglists
                0x0000024c       0x3d /usr/lib/gcc/arm-none-eabi/14.2.0/../../../../arm-none-eabi/lib/thumb/v7e-m/nofp/libc.a(libc_a-__call_atexit.o)
 .debug_rnglists
                0x00000289       0x1b /usr/lib/gcc/arm-none-eabi/14.2.0/../../../../arm-none-eabi/lib/thumb/v7e-m/nofp/libc.a(libc_a-freer.o)
 .debug_rnglists
                0x000002a4       0x3c /usr/lib/gcc/arm-none-eabi/14.2.0/../../../../arm-none-eabi/lib/thumb/v7e-m/nofp/libc.a(libc_a-mallocr.o)
 .debug_rnglists
                0x000002e0       0x19 /usr/lib/gcc/arm-none-eabi/14.2.0/../../../../arm-none-eabi/lib/thumb/v7e-m/nofp/libc.a(libc_a-mlock.o)
 .debug_rnglists
                0x000002f9       0x28 /usr/lib/gcc/arm-none-eabi/14.2.0/../../../../arm-none-eabi/lib/thumb/v7e-m/nofp/libc.a(libc_a-fclose.o)
 .debug_rnglists
                0x00000321       0x70 /usr/lib/gcc/arm-none-eabi/14.2.0/../../../../arm-none-eabi/lib/thumb/v7e-m/nofp/libc.a(libc_a-fflush.o)
 .debug_rnglists
                0x00000391       0x13 /usr/lib/gcc/arm-none-eabi/14.2.0/../../../../arm-none-eabi/lib/thumb/v7e-m/nofp/libc.a(libc_a-sbrkr.o)
 .debug_rnglists
                0x000003a4       0x13 /usr/lib/gcc/arm-none-eabi/14.2.0/../../../../arm-none-eabi/lib/thumb/v7e-m/nofp/libc.a(libc_a-sysconf.o)
 .debug_rnglists
                0x000003b7       0x13 /usr/lib/gcc/arm-none-eabi/14.2.0/../../../../arm-none-eabi/lib/thumb/v7e-m/nofp/libc.a(libc_a-errno.o)

.debug_line     0x00000000     0x3d20
 .debug_line    0x00000000       0xe4 /usr/lib/gcc/arm-none-eabi/14.2.0/../../../../arm-none-eabi/lib/thumb/v7e-m/nofp/libc.a(libc_a-atexit.o)
 .debug_line    0x000000e4      0x165 /usr/lib/gcc/arm-none-eabi/14.2.0/../../../../arm-none-eabi/lib/thumb/v7e-m/nofp/libc.a(libc_a-exit.o)
 .debug_line    0x00000249      0x6cc /usr/lib/gcc/arm-none-eabi/14.2.0/../../../../arm-none-eabi/lib/thumb/v7e-m/nofp/libc.a(libc_a-findfp.o)
 .debug_line    0x00000915      0x1fd /usr/lib/gcc/arm-none-eabi/14.2.0/../../../../arm-none-eabi/lib/thumb/v7e-m/nofp/libc.a(libc_a-fwalk.o)
 .debug_line    0x00000b12      0x27f /usr/lib/gcc/arm-none-eabi/14.2.0/../../../../arm-none-eabi/lib/thumb/v7e-m/nofp/libc.a(libc_a-stdio.o)
 .debug_line    0x00000d91      0x1c6 /usr/lib/gcc/arm-none-eabi/14.2.0/../../../../arm-none-eabi/lib/thumb/v7e-m/nofp/libc.a(libc_a-memset.o)
 .debug_line    0x00000f57      0x1bf /usr/lib/gcc/arm-none-eabi/14.2.0/../../../../arm-none-eabi/lib/thumb/v7e-m/nofp/libc.a(libc_a-closer.o)
 .debug_line    0x00001116      0x21c /usr/lib/gcc/arm-none-eabi/14.2.0/../../../../arm-none-eabi/lib/thumb/v7e-m/nofp/libc.a(libc_a-reent.o)
 .debug_line    0x00001332      0x108 /usr/lib/gcc/arm-none-eabi/14.2.0/../../../../arm-none-eabi/lib/thumb/v7e-m/nofp/libc.a(libc_a-impure.o)
 .debug_line    0x0000143a      0x1c5 /usr/lib/gcc/arm-none-eabi/14.2.0/../../../../arm-none-eabi/lib/thumb/v7e-m/nofp/libc.a(libc_a-lseekr.o)
 .debug_line    0x000015ff      0x1c4 /usr/lib/gcc/arm-none-eabi/14.2.0/../../../../arm-none-eabi/lib/thumb/v7e-m/nofp/libc.a(libc_a-readr.o)
 .debug_line    0x000017c3      0x1c5 /usr/lib/gcc/arm-none-eabi/14.2.0/../../../../arm-none-eabi/lib/thumb/v7e-m/nofp/libc.a(libc_a-writer.o)
 .debug_line    0x00001988      0x134 /usr/lib/gcc/arm-none-eabi/14.2.0/../../../../arm-none-eabi/lib/thumb/v7e-m/nofp/libc.a(libc_a-init.o)